// Vitest Snapshot v1, https://vitest.dev/guide/snapshot.html

exports[`commerce > 42 > department 1`] = `"Tools"`;

exports[`commerce > 42 > price > noArgs 1`] = `"375.00"`;

exports[`commerce > 42 > price > with max 1`] = `"375.00"`;

exports[`commerce > 42 > price > with max option 1`] = `"501.00"`;

exports[`commerce > 42 > price > with min 1`] = `"406.00"`;

exports[`commerce > 42 > price > with min and max 1`] = `"69.00"`;

exports[`commerce > 42 > price > with min and max and decimals 1`] = `"69.0000"`;

exports[`commerce > 42 > price > with min and max and decimals and symbol 1`] = `"$69.0000"`;

exports[`commerce > 42 > price > with min and max and decimals and symbol option 1`] = `"$69.0000"`;

exports[`commerce > 42 > price > with min and max and decimals option 1`] = `"69.0000"`;

exports[`commerce > 42 > price > with min and max option 1`] = `"69.00"`;

exports[`commerce > 42 > price > with min option 1`] = `"401.00"`;

exports[`commerce > 42 > product 1`] = `"Shirt"`;

exports[`commerce > 42 > productAdjective 1`] = `"Practical"`;

exports[`commerce > 42 > productDescription 1`] = `"The Apollotech B340 is an affordable wireless mouse with reliable connectivity, 12 months battery life and modern design"`;

exports[`commerce > 42 > productMaterial 1`] = `"Plastic"`;

exports[`commerce > 42 > productName 1`] = `"Practical Fresh Fish"`;

exports[`commerce > 1211 > department 1`] = `"Outdoors"`;

exports[`commerce > 1211 > price > noArgs 1`] = `"929.00"`;

exports[`commerce > 1211 > price > with max 1`] = `"929.00"`;

exports[`commerce > 1211 > price > with max option 1`] = `"1242.00"`;

exports[`commerce > 1211 > price > with min 1`] = `"932.00"`;

exports[`commerce > 1211 > price > with min and max 1`] = `"96.00"`;

exports[`commerce > 1211 > price > with min and max and decimals 1`] = `"96.0000"`;

exports[`commerce > 1211 > price > with min and max and decimals and symbol 1`] = `"$96.0000"`;

exports[`commerce > 1211 > price > with min and max and decimals and symbol option 1`] = `"$96.0000"`;

exports[`commerce > 1211 > price > with min and max and decimals option 1`] = `"96.0000"`;

exports[`commerce > 1211 > price > with min and max option 1`] = `"96.00"`;

exports[`commerce > 1211 > price > with min option 1`] = `"932.00"`;

exports[`commerce > 1211 > product 1`] = `"Salad"`;

exports[`commerce > 1211 > productAdjective 1`] = `"Refined"`;

exports[`commerce > 1211 > productDescription 1`] = `"The beautiful range of Apple NaturalÃ© that has an exciting mix of natural ingredients. With the Goodness of 100% Natural Ingredients"`;

exports[`commerce > 1211 > productMaterial 1`] = `"Fresh"`;

exports[`commerce > 1211 > productName 1`] = `"Refined Fresh Bike"`;

exports[`commerce > 1337 > department 1`] = `"Home"`;

exports[`commerce > 1337 > price > noArgs 1`] = `"263.00"`;

exports[`commerce > 1337 > price > with max 1`] = `"263.00"`;

exports[`commerce > 1337 > price > with max option 1`] = `"351.00"`;

exports[`commerce > 1337 > price > with min 1`] = `"299.00"`;

exports[`commerce > 1337 > price > with min and max 1`] = `"63.00"`;

exports[`commerce > 1337 > price > with min and max and decimals 1`] = `"63.0000"`;

exports[`commerce > 1337 > price > with min and max and decimals and symbol 1`] = `"$63.0000"`;

exports[`commerce > 1337 > price > with min and max and decimals and symbol option 1`] = `"$63.0000"`;

exports[`commerce > 1337 > price > with min and max and decimals option 1`] = `"63.0000"`;

exports[`commerce > 1337 > price > with min and max option 1`] = `"63.00"`;

exports[`commerce > 1337 > price > with min option 1`] = `"293.00"`;

exports[`commerce > 1337 > product 1`] = `"Ball"`;

exports[`commerce > 1337 > productAdjective 1`] = `"Incredible"`;

exports[`commerce > 1337 > productDescription 1`] = `"The slim & simple Maple Gaming Keyboard from Dev Byte comes with a sleek body and 7- Color RGB LED Back-lighting for smart functionality"`;

exports[`commerce > 1337 > productMaterial 1`] = `"Concrete"`;

exports[`commerce > 1337 > productName 1`] = `"Incredible Wooden Ball"`;
