// Vitest Snapshot v1, https://vitest.dev/guide/snapshot.html

exports[`company > 42 > buzzAdjective 1`] = `"dynamic"`;

exports[`company > 42 > buzzNoun 1`] = `"technologies"`;

exports[`company > 42 > buzzPhrase 1`] = `"seize collaborative users"`;

exports[`company > 42 > buzzVerb 1`] = `"seize"`;

exports[`company > 42 > catchPhrase 1`] = `"Implemented value-added parallelism"`;

exports[`company > 42 > catchPhraseAdjective 1`] = `"Implemented"`;

exports[`company > 42 > catchPhraseDescriptor 1`] = `"explicit"`;

exports[`company > 42 > catchPhraseNoun 1`] = `"function"`;

exports[`company > 42 > companySuffix 1`] = `"and Sons"`;

exports[`company > 42 > name 1`] = `"Wiegand - Reynolds"`;

exports[`company > 42 > suffixes 1`] = `
[
  "Inc",
  "and Sons",
  "LLC",
  "Group",
]
`;

exports[`company > 1211 > buzzAdjective 1`] = `"ubiquitous"`;

exports[`company > 1211 > buzzNoun 1`] = `"web services"`;

exports[`company > 1211 > buzzPhrase 1`] = `"cultivate visionary communities"`;

exports[`company > 1211 > buzzVerb 1`] = `"cultivate"`;

exports[`company > 1211 > catchPhrase 1`] = `"Up-sized tangible contingency"`;

exports[`company > 1211 > catchPhraseAdjective 1`] = `"Up-sized"`;

exports[`company > 1211 > catchPhraseDescriptor 1`] = `"upward-trending"`;

exports[`company > 1211 > catchPhraseNoun 1`] = `"system engine"`;

exports[`company > 1211 > companySuffix 1`] = `"Group"`;

exports[`company > 1211 > name 1`] = `"Trantow, Fahey and Zieme"`;

exports[`company > 1211 > suffixes 1`] = `
[
  "Inc",
  "and Sons",
  "LLC",
  "Group",
]
`;

exports[`company > 1337 > buzzAdjective 1`] = `"global"`;

exports[`company > 1337 > buzzNoun 1`] = `"ROI"`;

exports[`company > 1337 > buzzPhrase 1`] = `"incentivize strategic solutions"`;

exports[`company > 1337 > buzzVerb 1`] = `"incentivize"`;

exports[`company > 1337 > catchPhrase 1`] = `"Expanded clear-thinking emulation"`;

exports[`company > 1337 > catchPhraseAdjective 1`] = `"Expanded"`;

exports[`company > 1337 > catchPhraseDescriptor 1`] = `"demand-driven"`;

exports[`company > 1337 > catchPhraseNoun 1`] = `"data-warehouse"`;

exports[`company > 1337 > companySuffix 1`] = `"and Sons"`;

exports[`company > 1337 > name 1`] = `"Cronin - Gottlieb"`;

exports[`company > 1337 > suffixes 1`] = `
[
  "Inc",
  "and Sons",
  "LLC",
  "Group",
]
`;
