// Vitest Snapshot v1, https://vitest.dev/guide/snapshot.html

exports[`database > 42 > collation 1`] = `"cp1250_bin"`;

exports[`database > 42 > column 1`] = `"group"`;

exports[`database > 42 > engine 1`] = `"CSV"`;

exports[`database > 42 > mongodbObjectId 1`] = `"8be4abdd39321ad7d3fe01ff"`;

exports[`database > 42 > type 1`] = `"double"`;

exports[`database > 1211 > collation 1`] = `"utf8_unicode_ci"`;

exports[`database > 1211 > column 1`] = `"token"`;

exports[`database > 1211 > engine 1`] = `"MyISAM"`;

exports[`database > 1211 > mongodbObjectId 1`] = `"eadb42f0e3f4a973fab0aeef"`;

exports[`database > 1211 > type 1`] = `"tinyint"`;

exports[`database > 1337 > collation 1`] = `"ascii_general_ci"`;

exports[`database > 1337 > column 1`] = `"createdAt"`;

exports[`database > 1337 > engine 1`] = `"BLACKHOLE"`;

exports[`database > 1337 > mongodbObjectId 1`] = `"5c346ba075bd57f5a62b82d7"`;

exports[`database > 1337 > type 1`] = `"datetime"`;
