// Vitest Snapshot v1, https://vitest.dev/guide/snapshot.html

exports[`git > 42 > branch 1`] = `"driver-quantify"`;

exports[`git > 42 > commitDate > with only Date refDate 1`] = `"Tue Dec 31 15:00:39 2019 +0800"`;

exports[`git > 42 > commitDate > with only number refDate 1`] = `"Tue Dec 31 15:00:39 2019 +0800"`;

exports[`git > 42 > commitDate > with only string refDate 1`] = `"Tue Dec 31 15:00:39 2019 +0800"`;

exports[`git > 42 > commitEntry > with only Date refDate 1`] = `
"commit be4abdd39321ad7d3fe01ffce404f4d6db0906bd
Author: Brennon Beahan III <Brennon.Beahan@yahoo.com>
Date: Tue Dec 31 14:49:14 2019 +0100

    transmit online hard drive
"
`;

exports[`git > 42 > commitEntry > with only number refDate 1`] = `
"commit be4abdd39321ad7d3fe01ffce404f4d6db0906bd
Author: Brennon Beahan III <Brennon.Beahan@yahoo.com>
Date: Tue Dec 31 14:49:14 2019 +0100

    transmit online hard drive
"
`;

exports[`git > 42 > commitEntry > with only string refDate 1`] = `
"commit be4abdd39321ad7d3fe01ffce404f4d6db0906bd
Author: Brennon Beahan III <Brennon.Beahan@yahoo.com>
Date: Tue Dec 31 14:49:14 2019 +0100

    transmit online hard drive
"
`;

exports[`git > 42 > commitMessage 1`] = `"generate redundant system"`;

exports[`git > 42 > commitSha > noArgs 1`] = `"8be4abdd39321ad7d3fe01ffce404f4d6db0906b"`;

exports[`git > 42 > commitSha > with length 7 1`] = `"8be4abd"`;

exports[`git > 42 > commitSha > with length 8 1`] = `"8be4abdd"`;

exports[`git > 1211 > branch 1`] = `"system-index"`;

exports[`git > 1211 > commitDate > with only Date refDate 1`] = `"Tue Dec 31 01:42:55 2019 +0000"`;

exports[`git > 1211 > commitDate > with only number refDate 1`] = `"Tue Dec 31 01:42:55 2019 +0000"`;

exports[`git > 1211 > commitDate > with only string refDate 1`] = `"Tue Dec 31 01:42:55 2019 +0000"`;

exports[`git > 1211 > commitEntry > with only Date refDate 1`] = `
"commit adb42f0e3f4a973fab0aeefce96dfcf49cd438df
Author: Caitlyn Anderson <Caitlyn22@yahoo.com>
Date: Tue Dec 31 10:07:32 2019 -0400

    compress optical feed
"
`;

exports[`git > 1211 > commitEntry > with only number refDate 1`] = `
"commit adb42f0e3f4a973fab0aeefce96dfcf49cd438df
Author: Caitlyn Anderson <Caitlyn22@yahoo.com>
Date: Tue Dec 31 10:07:32 2019 -0400

    compress optical feed
"
`;

exports[`git > 1211 > commitEntry > with only string refDate 1`] = `
"commit adb42f0e3f4a973fab0aeefce96dfcf49cd438df
Author: Caitlyn Anderson <Caitlyn22@yahoo.com>
Date: Tue Dec 31 10:07:32 2019 -0400

    compress optical feed
"
`;

exports[`git > 1211 > commitMessage 1`] = `"synthesize multi-byte sensor"`;

exports[`git > 1211 > commitSha > noArgs 1`] = `"eadb42f0e3f4a973fab0aeefce96dfcf49cd438d"`;

exports[`git > 1211 > commitSha > with length 7 1`] = `"eadb42f"`;

exports[`git > 1211 > commitSha > with length 8 1`] = `"eadb42f0"`;

exports[`git > 1337 > branch 1`] = `"card-navigate"`;

exports[`git > 1337 > commitDate > with only Date refDate 1`] = `"Tue Dec 31 17:42:40 2019 +0200"`;

exports[`git > 1337 > commitDate > with only number refDate 1`] = `"Tue Dec 31 17:42:40 2019 +0200"`;

exports[`git > 1337 > commitDate > with only string refDate 1`] = `"Tue Dec 31 17:42:40 2019 +0200"`;

exports[`git > 1337 > commitEntry > with only Date refDate 1`] = `
"commit c346ba075bd57f5a62b82d72af39cbbb07a98cba
Author: Mrs. Boyd Krajcik <Boyd41@gmail.com>
Date: Tue Dec 31 04:18:56 2019 -0700

    synthesize neural system
"
`;

exports[`git > 1337 > commitEntry > with only number refDate 1`] = `
"commit c346ba075bd57f5a62b82d72af39cbbb07a98cba
Author: Mrs. Boyd Krajcik <Boyd41@gmail.com>
Date: Tue Dec 31 04:18:56 2019 -0700

    synthesize neural system
"
`;

exports[`git > 1337 > commitEntry > with only string refDate 1`] = `
"commit c346ba075bd57f5a62b82d72af39cbbb07a98cba
Author: Mrs. Boyd Krajcik <Boyd41@gmail.com>
Date: Tue Dec 31 04:18:56 2019 -0700

    synthesize neural system
"
`;

exports[`git > 1337 > commitMessage 1`] = `"connect online bandwidth"`;

exports[`git > 1337 > commitSha > noArgs 1`] = `"5c346ba075bd57f5a62b82d72af39cbbb07a98cb"`;

exports[`git > 1337 > commitSha > with length 7 1`] = `"5c346ba"`;

exports[`git > 1337 > commitSha > with length 8 1`] = `"5c346ba0"`;
