// Vitest Snapshot v1, https://vitest.dev/guide/snapshot.html

exports[`hacker > 42 > abbreviation 1`] = `"HTTP"`;

exports[`hacker > 42 > adjective 1`] = `"cross-platform"`;

exports[`hacker > 42 > ingverb 1`] = `"navigating"`;

exports[`hacker > 42 > noun 1`] = `"interface"`;

exports[`hacker > 42 > phrase 1`] = `"You can't bypass the microchip without generating the wireless VGA microchip!"`;

exports[`hacker > 42 > verb 1`] = `"navigate"`;

exports[`hacker > 1211 > abbreviation 1`] = `"UTF8"`;

exports[`hacker > 1211 > adjective 1`] = `"solid state"`;

exports[`hacker > 1211 > ingverb 1`] = `"programming"`;

exports[`hacker > 1211 > noun 1`] = `"circuit"`;

exports[`hacker > 1211 > phrase 1`] = `"parsing the alarm won't do anything, we need to input the open-source USB feed!"`;

exports[`hacker > 1211 > verb 1`] = `"reboot"`;

exports[`hacker > 1337 > abbreviation 1`] = `"FTP"`;

exports[`hacker > 1337 > adjective 1`] = `"open-source"`;

exports[`hacker > 1337 > ingverb 1`] = `"compressing"`;

exports[`hacker > 1337 > noun 1`] = `"port"`;

exports[`hacker > 1337 > phrase 1`] = `"Try to generate the CSS sensor, maybe it will compress the virtual card!"`;

exports[`hacker > 1337 > verb 1`] = `"compress"`;
