// Vitest Snapshot v1, https://vitest.dev/guide/snapshot.html

exports[`internet > 42 > avatar 1`] = `"https://cloudflare-ipfs.com/ipfs/Qmd3W5DuhgHirLHGVixi6V76LhCkZUz6pnFt5AJBiyvHye/avatar/468.jpg"`;

exports[`internet > 42 > color > noArgs 1`] = `"#30795d"`;

exports[`internet > 42 > color > with all options 1`] = `"#62ab8f"`;

exports[`internet > 42 > color > with blueBase option 1`] = `"#30798f"`;

exports[`internet > 42 > color > with greenBase option 1`] = `"#30ab5d"`;

exports[`internet > 42 > color > with legacy color base 1`] = `"#62ab8f"`;

exports[`internet > 42 > color > with redBase option 1`] = `"#62795d"`;

exports[`internet > 42 > displayName > noArgs 1`] = `"Garnet15"`;

exports[`internet > 42 > displayName > with Chinese names 1`] = `"大羽_陳"`;

exports[`internet > 42 > displayName > with Cyrillic names 1`] = `"Фёдор_Достоевский"`;

exports[`internet > 42 > displayName > with Latin names 1`] = `"Jane_Doe"`;

exports[`internet > 42 > displayName > with accented names 1`] = `"Hélene_Müller"`;

exports[`internet > 42 > displayName > with all option 1`] = `"Jane_Doe"`;

exports[`internet > 42 > displayName > with firstName option 1`] = `"Jane_Wiegand"`;

exports[`internet > 42 > displayName > with lastName option 1`] = `"Garnet_Doe59"`;

exports[`internet > 42 > displayName > with legacy names 1`] = `"Jane_Doe"`;

exports[`internet > 42 > domainName 1`] = `"hasty-vegetable.net"`;

exports[`internet > 42 > domainSuffix 1`] = `"info"`;

exports[`internet > 42 > domainWord 1`] = `"hasty-vegetable"`;

exports[`internet > 42 > email > noArgs 1`] = `"Garnet6@gmail.com"`;

exports[`internet > 42 > email > with all options 1`] = `"Jane=Doe@fakerjs.dev"`;

exports[`internet > 42 > email > with allowSpecialCharacters option 1`] = `"Garnet6@gmail.com"`;

exports[`internet > 42 > email > with firstName option 1`] = `"Jane.Wiegand@yahoo.com"`;

exports[`internet > 42 > email > with lastName option 1`] = `"Garnet_Doe@hotmail.com"`;

exports[`internet > 42 > email > with legacy names 1`] = `"Jane_Doe59@yahoo.com"`;

exports[`internet > 42 > email > with legacy names and provider 1`] = `"Jane_Doe@fakerjs.dev"`;

exports[`internet > 42 > email > with legacy provider 1`] = `"Garnet15@fakerjs.dev"`;

exports[`internet > 42 > email > with provider option 1`] = `"Garnet15@fakerjs.dev"`;

exports[`internet > 42 > emoji > noArgs 1`] = `"🌵"`;

exports[`internet > 42 > emoji > with options 1`] = `"🦔"`;

exports[`internet > 42 > exampleEmail > noArgs 1`] = `"Garnet6@example.org"`;

exports[`internet > 42 > exampleEmail > with all options 1`] = `"Jane_Doe59@example.com"`;

exports[`internet > 42 > exampleEmail > with allowSpecialCharacters option 1`] = `"Garnet6@example.org"`;

exports[`internet > 42 > exampleEmail > with firstName option 1`] = `"Jane.Wiegand@example.com"`;

exports[`internet > 42 > exampleEmail > with lastName option 1`] = `"Garnet_Doe@example.net"`;

exports[`internet > 42 > exampleEmail > with legacy names 1`] = `"Jane_Doe59@example.com"`;

exports[`internet > 42 > exampleEmail > with legacy names and options 1`] = `"Jane_Doe59@example.com"`;

exports[`internet > 42 > httpMethod 1`] = `"POST"`;

exports[`internet > 42 > httpStatusCode > noArgs 1`] = `226`;

exports[`internet > 42 > httpStatusCode > with options 1`] = `410`;

exports[`internet > 42 > ip 1`] = `"242.187.153.40"`;

exports[`internet > 42 > ipv4 1`] = `"96.242.187.153"`;

exports[`internet > 42 > ipv6 1`] = `"8efd:331c:df0e:b444:6b96:d368:aa4b:c1d4"`;

exports[`internet > 42 > mac > noArgs 1`] = `"6e:b9:22:1d:9b:0f"`;

exports[`internet > 42 > mac > with separator 1`] = `"6e:b9:22:1d:9b:0f"`;

exports[`internet > 42 > mac > with separator option 1`] = `"6e-b9-22-1d-9b-0f"`;

exports[`internet > 42 > password > noArgs 1`] = `"DzfY00rZdo522RJ"`;

exports[`internet > 42 > password > with legacy length 1`] = `"DzfY00rZdo"`;

exports[`internet > 42 > password > with legacy length and memorable 1`] = `"DzfY00rZdo"`;

exports[`internet > 42 > password > with legacy length, memorable and pattern 1`] = `"0052241923"`;

exports[`internet > 42 > password > with legacy length, memorable, pattern and prefix 1`] = `"test005224"`;

exports[`internet > 42 > password > with length option 1`] = `"DzfY00rZdo"`;

exports[`internet > 42 > password > with length, memorable, pattern and prefix option 1`] = `"test005224"`;

exports[`internet > 42 > password > with memorable option 1`] = `"DzfY00rZdo522RJ"`;

exports[`internet > 42 > password > with pattern option 1`] = `"005224192348703"`;

exports[`internet > 42 > password > with prefix option 1`] = `"testDzfY00rZdo5"`;

exports[`internet > 42 > port 1`] = `24545`;

exports[`internet > 42 > protocol 1`] = `"http"`;

exports[`internet > 42 > url > noArgs 1`] = `"https://wee-refreshments.name/"`;

exports[`internet > 42 > url > with slash appended 1`] = `"https://hasty-vegetable.net/"`;

exports[`internet > 42 > url > without slash appended and with http protocol 1`] = `"http://hasty-vegetable.net"`;

exports[`internet > 42 > userAgent 1`] = `"Mozilla/5.0 (X11; Linux i686; rv:12.5) Gecko/20100101 Firefox/12.5.1"`;

exports[`internet > 42 > userName > noArgs 1`] = `"Garnet15"`;

exports[`internet > 42 > userName > with Chinese names 1`] = `"hlzp8d_tpv"`;

exports[`internet > 42 > userName > with Cyrillic names 1`] = `"Fedor_Dostoevskii"`;

exports[`internet > 42 > userName > with Latin names 1`] = `"Jane_Doe"`;

exports[`internet > 42 > userName > with accented names 1`] = `"Helene_Muller"`;

exports[`internet > 42 > userName > with all option 1`] = `"Jane_Doe"`;

exports[`internet > 42 > userName > with firstName option 1`] = `"Jane_Wiegand"`;

exports[`internet > 42 > userName > with lastName option 1`] = `"Garnet_Doe59"`;

exports[`internet > 42 > userName > with legacy names 1`] = `"Jane_Doe"`;

exports[`internet > 1211 > avatar 1`] = `"https://cloudflare-ipfs.com/ipfs/Qmd3W5DuhgHirLHGVixi6V76LhCkZUz6pnFt5AJBiyvHye/avatar/1160.jpg"`;

exports[`internet > 1211 > color > noArgs 1`] = `"#77721d"`;

exports[`internet > 1211 > color > with all options 1`] = `"#a9a44f"`;

exports[`internet > 1211 > color > with blueBase option 1`] = `"#77724f"`;

exports[`internet > 1211 > color > with greenBase option 1`] = `"#77a41d"`;

exports[`internet > 1211 > color > with legacy color base 1`] = `"#a9a44f"`;

exports[`internet > 1211 > color > with redBase option 1`] = `"#a9721d"`;

exports[`internet > 1211 > displayName > noArgs 1`] = `"Tina_Fahey68"`;

exports[`internet > 1211 > displayName > with Chinese names 1`] = `"大羽_陳22"`;

exports[`internet > 1211 > displayName > with Cyrillic names 1`] = `"Фёдор_Достоевский22"`;

exports[`internet > 1211 > displayName > with Latin names 1`] = `"Jane_Doe22"`;

exports[`internet > 1211 > displayName > with accented names 1`] = `"Hélene_Müller22"`;

exports[`internet > 1211 > displayName > with all option 1`] = `"Jane_Doe22"`;

exports[`internet > 1211 > displayName > with firstName option 1`] = `"Jane99"`;

exports[`internet > 1211 > displayName > with lastName option 1`] = `"Tina.Doe99"`;

exports[`internet > 1211 > displayName > with legacy names 1`] = `"Jane_Doe22"`;

exports[`internet > 1211 > domainName 1`] = `"vibrant-teletype.biz"`;

exports[`internet > 1211 > domainSuffix 1`] = `"org"`;

exports[`internet > 1211 > domainWord 1`] = `"vibrant-teletype"`;

exports[`internet > 1211 > email > noArgs 1`] = `"Tina_Fahey@hotmail.com"`;

exports[`internet > 1211 > email > with all options 1`] = `"Jane_Doe22@fakerjs.dev"`;

exports[`internet > 1211 > email > with allowSpecialCharacters option 1`] = `"Tina_Fahey@hotmail.com"`;

exports[`internet > 1211 > email > with firstName option 1`] = `"Jane_Trantow68@gmail.com"`;

exports[`internet > 1211 > email > with lastName option 1`] = `"Tina99@hotmail.com"`;

exports[`internet > 1211 > email > with legacy names 1`] = `"Jane.Doe99@hotmail.com"`;

exports[`internet > 1211 > email > with legacy names and provider 1`] = `"Jane_Doe22@fakerjs.dev"`;

exports[`internet > 1211 > email > with legacy provider 1`] = `"Tina_Fahey68@fakerjs.dev"`;

exports[`internet > 1211 > email > with provider option 1`] = `"Tina_Fahey68@fakerjs.dev"`;

exports[`internet > 1211 > emoji > noArgs 1`] = `"🟧"`;

exports[`internet > 1211 > emoji > with options 1`] = `"🌲"`;

exports[`internet > 1211 > exampleEmail > noArgs 1`] = `"Tina_Fahey@example.net"`;

exports[`internet > 1211 > exampleEmail > with all options 1`] = `"Jane.Doe99@example.net"`;

exports[`internet > 1211 > exampleEmail > with allowSpecialCharacters option 1`] = `"Tina_Fahey@example.net"`;

exports[`internet > 1211 > exampleEmail > with firstName option 1`] = `"Jane_Trantow68@example.org"`;

exports[`internet > 1211 > exampleEmail > with lastName option 1`] = `"Tina99@example.net"`;

exports[`internet > 1211 > exampleEmail > with legacy names 1`] = `"Jane.Doe99@example.net"`;

exports[`internet > 1211 > exampleEmail > with legacy names and options 1`] = `"Jane.Doe99@example.net"`;

exports[`internet > 1211 > httpMethod 1`] = `"PATCH"`;

exports[`internet > 1211 > httpStatusCode > noArgs 1`] = `510`;

exports[`internet > 1211 > httpStatusCode > with options 1`] = `429`;

exports[`internet > 1211 > ip 1`] = `"d5fe:ea7f:baeb:9cc5:c48f:a8eb:e56f:b7c8"`;

exports[`internet > 1211 > ipv4 1`] = `"237.228.58.254"`;

exports[`internet > 1211 > ipv6 1`] = `"dd5f:eea7:fbae:b9cc:5c48:fa8e:be56:fb7c"`;

exports[`internet > 1211 > mac > noArgs 1`] = `"ed:3f:aa:b5:ac:ca"`;

exports[`internet > 1211 > mac > with separator 1`] = `"ed:3f:aa:b5:ac:ca"`;

exports[`internet > 1211 > mac > with separator option 1`] = `"ed-3f-aa-b5-ac-ca"`;

exports[`internet > 1211 > password > noArgs 1`] = `"xu6aiBbmi_oJsr6"`;

exports[`internet > 1211 > password > with legacy length 1`] = `"xu6aiBbmi_"`;

exports[`internet > 1211 > password > with legacy length and memorable 1`] = `"xu6aiBbmi_"`;

exports[`internet > 1211 > password > with legacy length, memorable and pattern 1`] = `"6646185256"`;

exports[`internet > 1211 > password > with legacy length, memorable, pattern and prefix 1`] = `"test664618"`;

exports[`internet > 1211 > password > with length option 1`] = `"xu6aiBbmi_"`;

exports[`internet > 1211 > password > with length, memorable, pattern and prefix option 1`] = `"test664618"`;

exports[`internet > 1211 > password > with memorable option 1`] = `"xu6aiBbmi_oJsr6"`;

exports[`internet > 1211 > password > with pattern option 1`] = `"664618525653489"`;

exports[`internet > 1211 > password > with prefix option 1`] = `"testxu6aiBbmi_o"`;

exports[`internet > 1211 > port 1`] = `60851`;

exports[`internet > 1211 > protocol 1`] = `"https"`;

exports[`internet > 1211 > url > noArgs 1`] = `"https://unknown-cruise.org"`;

exports[`internet > 1211 > url > with slash appended 1`] = `"https://vibrant-teletype.biz/"`;

exports[`internet > 1211 > url > without slash appended and with http protocol 1`] = `"http://vibrant-teletype.biz"`;

exports[`internet > 1211 > userAgent 1`] = `"Mozilla/5.0 (Windows NT 6.1; Trident/7.0; rv:11.0) like Gecko"`;

exports[`internet > 1211 > userName > noArgs 1`] = `"Tina_Fahey68"`;

exports[`internet > 1211 > userName > with Chinese names 1`] = `"hlzp8d_tpv22"`;

exports[`internet > 1211 > userName > with Cyrillic names 1`] = `"Fedor_Dostoevskii22"`;

exports[`internet > 1211 > userName > with Latin names 1`] = `"Jane_Doe22"`;

exports[`internet > 1211 > userName > with accented names 1`] = `"Helene_Muller22"`;

exports[`internet > 1211 > userName > with all option 1`] = `"Jane_Doe22"`;

exports[`internet > 1211 > userName > with firstName option 1`] = `"Jane99"`;

exports[`internet > 1211 > userName > with lastName option 1`] = `"Tina.Doe99"`;

exports[`internet > 1211 > userName > with legacy names 1`] = `"Jane_Doe22"`;

exports[`internet > 1337 > avatar 1`] = `"https://cloudflare-ipfs.com/ipfs/Qmd3W5DuhgHirLHGVixi6V76LhCkZUz6pnFt5AJBiyvHye/avatar/327.jpg"`;

exports[`internet > 1337 > color > noArgs 1`] = `"#211423"`;

exports[`internet > 1337 > color > with all options 1`] = `"#534655"`;

exports[`internet > 1337 > color > with blueBase option 1`] = `"#211455"`;

exports[`internet > 1337 > color > with greenBase option 1`] = `"#214623"`;

exports[`internet > 1337 > color > with legacy color base 1`] = `"#534655"`;

exports[`internet > 1337 > color > with redBase option 1`] = `"#531423"`;

exports[`internet > 1337 > displayName > noArgs 1`] = `"Devyn.Gottlieb"`;

exports[`internet > 1337 > displayName > with Chinese names 1`] = `"大羽.陳"`;

exports[`internet > 1337 > displayName > with Cyrillic names 1`] = `"Фёдор.Достоевский"`;

exports[`internet > 1337 > displayName > with Latin names 1`] = `"Jane.Doe"`;

exports[`internet > 1337 > displayName > with accented names 1`] = `"Hélene.Müller"`;

exports[`internet > 1337 > displayName > with all option 1`] = `"Jane.Doe"`;

exports[`internet > 1337 > displayName > with firstName option 1`] = `"Jane.Cronin"`;

exports[`internet > 1337 > displayName > with lastName option 1`] = `"Devyn28"`;

exports[`internet > 1337 > displayName > with legacy names 1`] = `"Jane.Doe"`;

exports[`internet > 1337 > domainName 1`] = `"faithful-chowder.biz"`;

exports[`internet > 1337 > domainSuffix 1`] = `"biz"`;

exports[`internet > 1337 > domainWord 1`] = `"faithful-chowder"`;

exports[`internet > 1337 > email > noArgs 1`] = `"Devyn_Gottlieb@yahoo.com"`;

exports[`internet > 1337 > email > with all options 1`] = `"Jane.Doe@fakerjs.dev"`;

exports[`internet > 1337 > email > with allowSpecialCharacters option 1`] = `"Devyn~Gottlieb@yahoo.com"`;

exports[`internet > 1337 > email > with firstName option 1`] = `"Jane.Cronin@yahoo.com"`;

exports[`internet > 1337 > email > with lastName option 1`] = `"Devyn.Doe@gmail.com"`;

exports[`internet > 1337 > email > with legacy names 1`] = `"Jane28@yahoo.com"`;

exports[`internet > 1337 > email > with legacy names and provider 1`] = `"Jane.Doe@fakerjs.dev"`;

exports[`internet > 1337 > email > with legacy provider 1`] = `"Devyn.Gottlieb@fakerjs.dev"`;

exports[`internet > 1337 > email > with provider option 1`] = `"Devyn.Gottlieb@fakerjs.dev"`;

exports[`internet > 1337 > emoji > noArgs 1`] = `"🧏🏾‍♂️"`;

exports[`internet > 1337 > emoji > with options 1`] = `"🐪"`;

exports[`internet > 1337 > exampleEmail > noArgs 1`] = `"Devyn_Gottlieb@example.com"`;

exports[`internet > 1337 > exampleEmail > with all options 1`] = `"Jane28@example.com"`;

exports[`internet > 1337 > exampleEmail > with allowSpecialCharacters option 1`] = `"Devyn~Gottlieb@example.com"`;

exports[`internet > 1337 > exampleEmail > with firstName option 1`] = `"Jane.Cronin@example.com"`;

exports[`internet > 1337 > exampleEmail > with lastName option 1`] = `"Devyn.Doe@example.org"`;

exports[`internet > 1337 > exampleEmail > with legacy names 1`] = `"Jane28@example.com"`;

exports[`internet > 1337 > exampleEmail > with legacy names and options 1`] = `"Jane28@example.com"`;

exports[`internet > 1337 > httpMethod 1`] = `"POST"`;

exports[`internet > 1337 > httpStatusCode > noArgs 1`] = `201`;

exports[`internet > 1337 > httpStatusCode > with options 1`] = `407`;

exports[`internet > 1337 > ip 1`] = `"40.71.117.82"`;

exports[`internet > 1337 > ipv4 1`] = `"67.40.71.117"`;

exports[`internet > 1337 > ipv6 1`] = `"636a:7b6e:f28d:3f9b:b89c:a46e:a494:bb4e"`;

exports[`internet > 1337 > mac > noArgs 1`] = `"42:47:58:4f:b2:69"`;

exports[`internet > 1337 > mac > with separator 1`] = `"42:47:58:4f:b2:69"`;

exports[`internet > 1337 > mac > with separator option 1`] = `"42-47-58-4f-b2-69"`;

exports[`internet > 1337 > password > noArgs 1`] = `"0LRfEKklCHXh3P2"`;

exports[`internet > 1337 > password > with legacy length 1`] = `"0LRfEKklCH"`;

exports[`internet > 1337 > password > with legacy length and memorable 1`] = `"0LRfEKklCH"`;

exports[`internet > 1337 > password > with legacy length, memorable and pattern 1`] = `"0324209302"`;

exports[`internet > 1337 > password > with legacy length, memorable, pattern and prefix 1`] = `"test032420"`;

exports[`internet > 1337 > password > with length option 1`] = `"0LRfEKklCH"`;

exports[`internet > 1337 > password > with length, memorable, pattern and prefix option 1`] = `"test032420"`;

exports[`internet > 1337 > password > with memorable option 1`] = `"0LRfEKklCHXh3P2"`;

exports[`internet > 1337 > password > with pattern option 1`] = `"032420930277797"`;

exports[`internet > 1337 > password > with prefix option 1`] = `"test0LRfEKklCHX"`;

exports[`internet > 1337 > port 1`] = `17172`;

exports[`internet > 1337 > protocol 1`] = `"http"`;

exports[`internet > 1337 > url > noArgs 1`] = `"https://cuddly-dough.info/"`;

exports[`internet > 1337 > url > with slash appended 1`] = `"https://faithful-chowder.biz/"`;

exports[`internet > 1337 > url > without slash appended and with http protocol 1`] = `"http://faithful-chowder.biz"`;

exports[`internet > 1337 > userAgent 1`] = `"Mozilla/5.0 (Windows NT 5.3; WOW64; rv:8.4) Gecko/20100101 Firefox/8.4.3"`;

exports[`internet > 1337 > userName > noArgs 1`] = `"Devyn.Gottlieb"`;

exports[`internet > 1337 > userName > with Chinese names 1`] = `"hlzp8d.tpv"`;

exports[`internet > 1337 > userName > with Cyrillic names 1`] = `"Fedor.Dostoevskii"`;

exports[`internet > 1337 > userName > with Latin names 1`] = `"Jane.Doe"`;

exports[`internet > 1337 > userName > with accented names 1`] = `"Helene.Muller"`;

exports[`internet > 1337 > userName > with all option 1`] = `"Jane.Doe"`;

exports[`internet > 1337 > userName > with firstName option 1`] = `"Jane.Cronin"`;

exports[`internet > 1337 > userName > with lastName option 1`] = `"Devyn28"`;

exports[`internet > 1337 > userName > with legacy names 1`] = `"Jane.Doe"`;
