// Vitest Snapshot v1, https://vitest.dev/guide/snapshot.html

exports[`location > 42 > buildingNumber 1`] = `"9751"`;

exports[`location > 42 > cardinalDirection > noArgs 1`] = `"East"`;

exports[`location > 42 > cardinalDirection > with abbreviated option 1`] = `"E"`;

exports[`location > 42 > cardinalDirection > with boolean 1`] = `"East"`;

exports[`location > 42 > city 1`] = `"Fort Moses"`;

exports[`location > 42 > cityName 1`] = `"Hamilton"`;

exports[`location > 42 > country 1`] = `"Guinea"`;

exports[`location > 42 > countryCode > noArgs 1`] = `"GY"`;

exports[`location > 42 > countryCode > with alphaCode option 1`] = `"GUY"`;

exports[`location > 42 > countryCode > with string 1`] = `"GY"`;

exports[`location > 42 > county 1`] = `"Berkshire"`;

exports[`location > 42 > direction > noArgs 1`] = `"West"`;

exports[`location > 42 > direction > with abbreviated option 1`] = `"W"`;

exports[`location > 42 > direction > with boolean 1`] = `"West"`;

exports[`location > 42 > latitude > noArgs 1`] = `-22.5828`;

exports[`location > 42 > latitude > with max 1`] = `-52.546`;

exports[`location > 42 > latitude > with max and min option 1`] = `-2.5092`;

exports[`location > 42 > latitude > with max option 1`] = `-52.546`;

exports[`location > 42 > latitude > with max, min and precision option 1`] = `-2.5091976231`;

exports[`location > 42 > latitude > with min 1`] = `27.454`;

exports[`location > 42 > latitude > with min option 1`] = `27.454`;

exports[`location > 42 > latitude > with precision 1`] = `-22.5827786075`;

exports[`location > 42 > latitude > with precision option 1`] = `-22.5827786075`;

exports[`location > 42 > longitude > noArgs 1`] = `-45.1656`;

exports[`location > 42 > longitude > with max 1`] = `-108.8374`;

exports[`location > 42 > longitude > with max and min option 1`] = `-2.5092`;

exports[`location > 42 > longitude > with max option 1`] = `-108.8374`;

exports[`location > 42 > longitude > with max, min and precision option 1`] = `-2.5091976231`;

exports[`location > 42 > longitude > with min 1`] = `61.1626`;

exports[`location > 42 > longitude > with min option 1`] = `61.1626`;

exports[`location > 42 > longitude > with precision 1`] = `-45.1655572149`;

exports[`location > 42 > longitude > with precision option 1`] = `-45.1655572149`;

exports[`location > 42 > nearbyGPSCoordinate > near origin 1`] = `
[
  0.09716177782431093,
  -0.0966009319947716,
]
`;

exports[`location > 42 > nearbyGPSCoordinate > noArgs 1`] = `
[
  -22.5828,
  162.2572,
]
`;

exports[`location > 42 > nearbyGPSCoordinate > only isMetric 1`] = `
[
  -22.5828,
  162.2572,
]
`;

exports[`location > 42 > nearbyGPSCoordinate > only radius 1`] = `
[
  -22.5828,
  162.2572,
]
`;

exports[`location > 42 > nearbyGPSCoordinate > with origin and isMetric 1`] = `
[
  37.06037366155397,
  -13.060025167351341,
]
`;

exports[`location > 42 > nearbyGPSCoordinate > with origin and radius 1`] = `
[
  37.14574266673647,
  -13.144901397992271,
]
`;

exports[`location > 42 > nearbyGPSCoordinate > with origin, radius and isMetric 1`] = `
[
  37.09056366755245,
  -13.090040907920184,
]
`;

exports[`location > 42 > nearbyGPSCoordinate > with radius and isMetric 1`] = `
[
  -22.5828,
  162.2572,
]
`;

exports[`location > 42 > ordinalDirection > noArgs 1`] = `"Northwest"`;

exports[`location > 42 > ordinalDirection > with abbreviated option 1`] = `"NW"`;

exports[`location > 42 > ordinalDirection > with boolean 1`] = `"Northwest"`;

exports[`location > 42 > secondaryAddress 1`] = `"Apt. 975"`;

exports[`location > 42 > state > noArgs 1`] = `"Maine"`;

exports[`location > 42 > state > with options 1`] = `"ME"`;

exports[`location > 42 > stateAbbr 1`] = `"ME"`;

exports[`location > 42 > street 1`] = `"Valentine Ridges"`;

exports[`location > 42 > streetAddress > noArgs 1`] = `"9751 Anderson Throughway"`;

exports[`location > 42 > streetAddress > with boolean 1`] = `"9751 Anderson Throughway"`;

exports[`location > 42 > streetAddress > with useFullAddress options 1`] = `"9751 Anderson Throughway Suite 709"`;

exports[`location > 42 > timeZone 1`] = `"America/North_Dakota/New_Salem"`;

exports[`location > 42 > zipCode > noArgs 1`] = `"97511"`;

exports[`location > 42 > zipCode > with format option 1`] = `"397-511"`;

exports[`location > 42 > zipCode > with string 1`] = `"397"`;

exports[`location > 42 > zipCodeByState > noArgs 1`] = `"97511"`;

exports[`location > 1211 > buildingNumber 1`] = `"829"`;

exports[`location > 1211 > cardinalDirection > noArgs 1`] = `"West"`;

exports[`location > 1211 > cardinalDirection > with abbreviated option 1`] = `"W"`;

exports[`location > 1211 > cardinalDirection > with boolean 1`] = `"West"`;

exports[`location > 1211 > city 1`] = `"The Hammocks"`;

exports[`location > 1211 > cityName 1`] = `"Utica"`;

exports[`location > 1211 > country 1`] = `"Tuvalu"`;

exports[`location > 1211 > countryCode > noArgs 1`] = `"UG"`;

exports[`location > 1211 > countryCode > with alphaCode option 1`] = `"UGA"`;

exports[`location > 1211 > countryCode > with string 1`] = `"UG"`;

exports[`location > 1211 > county 1`] = `"Cambridgeshire"`;

exports[`location > 1211 > direction > noArgs 1`] = `"Southeast"`;

exports[`location > 1211 > direction > with abbreviated option 1`] = `"SE"`;

exports[`location > 1211 > direction > with boolean 1`] = `"Southeast"`;

exports[`location > 1211 > latitude > noArgs 1`] = `77.1336`;

exports[`location > 1211 > latitude > with max 1`] = `2.852`;

exports[`location > 1211 > latitude > with max and min option 1`] = `8.5704`;

exports[`location > 1211 > latitude > with max option 1`] = `2.852`;

exports[`location > 1211 > latitude > with max, min and precision option 1`] = `8.5704030781`;

exports[`location > 1211 > latitude > with min 1`] = `82.852`;

exports[`location > 1211 > latitude > with min option 1`] = `82.852`;

exports[`location > 1211 > latitude > with precision 1`] = `77.1336277025`;

exports[`location > 1211 > latitude > with precision option 1`] = `77.1336277025`;

exports[`location > 1211 > longitude > noArgs 1`] = `154.2673`;

exports[`location > 1211 > longitude > with max 1`] = `-3.5812`;

exports[`location > 1211 > longitude > with max and min option 1`] = `8.5704`;

exports[`location > 1211 > longitude > with max option 1`] = `-3.5812`;

exports[`location > 1211 > longitude > with max, min and precision option 1`] = `8.5704030781`;

exports[`location > 1211 > longitude > with min 1`] = `166.4188`;

exports[`location > 1211 > longitude > with min option 1`] = `166.4188`;

exports[`location > 1211 > longitude > with precision 1`] = `154.2672554049`;

exports[`location > 1211 > longitude > with precision option 1`] = `154.2672554049`;

exports[`location > 1211 > nearbyGPSCoordinate > near origin 1`] = `
[
  -0.05590644033361979,
  0.11599406649133925,
]
`;

exports[`location > 1211 > nearbyGPSCoordinate > noArgs 1`] = `
[
  77.1336,
  141.6498,
]
`;

exports[`location > 1211 > nearbyGPSCoordinate > only isMetric 1`] = `
[
  77.1336,
  141.6498,
]
`;

exports[`location > 1211 > nearbyGPSCoordinate > only radius 1`] = `
[
  77.1336,
  141.6498,
]
`;

exports[`location > 1211 > nearbyGPSCoordinate > with origin and isMetric 1`] = `
[
  36.96526016799632,
  -12.927922179282291,
]
`;

exports[`location > 1211 > nearbyGPSCoordinate > with origin and radius 1`] = `
[
  36.91614228353046,
  -12.826012933716925,
]
`;

exports[`location > 1211 > nearbyGPSCoordinate > with origin, radius and isMetric 1`] = `
[
  36.94789219602537,
  -12.891887302377313,
]
`;

exports[`location > 1211 > nearbyGPSCoordinate > with radius and isMetric 1`] = `
[
  77.1336,
  141.6498,
]
`;

exports[`location > 1211 > ordinalDirection > noArgs 1`] = `"Southwest"`;

exports[`location > 1211 > ordinalDirection > with abbreviated option 1`] = `"SW"`;

exports[`location > 1211 > ordinalDirection > with boolean 1`] = `"Southwest"`;

exports[`location > 1211 > secondaryAddress 1`] = `"Suite 829"`;

exports[`location > 1211 > state > noArgs 1`] = `"Virginia"`;

exports[`location > 1211 > state > with options 1`] = `"VA"`;

exports[`location > 1211 > stateAbbr 1`] = `"VA"`;

exports[`location > 1211 > street 1`] = `"Trantow Fall"`;

exports[`location > 1211 > streetAddress > noArgs 1`] = `"829 Paucek Rue"`;

exports[`location > 1211 > streetAddress > with boolean 1`] = `"829 Paucek Rue"`;

exports[`location > 1211 > streetAddress > with useFullAddress options 1`] = `"829 Paucek Rue Apt. 777"`;

exports[`location > 1211 > timeZone 1`] = `"Pacific/Fakaofo"`;

exports[`location > 1211 > zipCode > noArgs 1`] = `"82966-7367"`;

exports[`location > 1211 > zipCode > with format option 1`] = `"882-966"`;

exports[`location > 1211 > zipCode > with string 1`] = `"882"`;

exports[`location > 1211 > zipCodeByState > noArgs 1`] = `"82966-7367"`;

exports[`location > 1337 > buildingNumber 1`] = `"2343"`;

exports[`location > 1337 > cardinalDirection > noArgs 1`] = `"East"`;

exports[`location > 1337 > cardinalDirection > with abbreviated option 1`] = `"E"`;

exports[`location > 1337 > cardinalDirection > with boolean 1`] = `"East"`;

exports[`location > 1337 > city 1`] = `"East Duane"`;

exports[`location > 1337 > cityName 1`] = `"East Honolulu"`;

exports[`location > 1337 > country 1`] = `"Egypt"`;

exports[`location > 1337 > countryCode > noArgs 1`] = `"EH"`;

exports[`location > 1337 > countryCode > with alphaCode option 1`] = `"ESH"`;

exports[`location > 1337 > countryCode > with string 1`] = `"EH"`;

exports[`location > 1337 > county 1`] = `"Bedfordshire"`;

exports[`location > 1337 > direction > noArgs 1`] = `"South"`;

exports[`location > 1337 > direction > with abbreviated option 1`] = `"S"`;

exports[`location > 1337 > direction > with boolean 1`] = `"South"`;

exports[`location > 1337 > latitude > noArgs 1`] = `-42.8356`;

exports[`location > 1337 > latitude > with max 1`] = `-63.7975`;

exports[`location > 1337 > latitude > with max and min option 1`] = `-4.7595`;

exports[`location > 1337 > latitude > with max option 1`] = `-63.7975`;

exports[`location > 1337 > latitude > with max, min and precision option 1`] = `-4.7595064997`;

exports[`location > 1337 > latitude > with min 1`] = `16.2025`;

exports[`location > 1337 > latitude > with min option 1`] = `16.2025`;

exports[`location > 1337 > latitude > with precision 1`] = `-42.8355584972`;

exports[`location > 1337 > latitude > with precision option 1`] = `-42.8355584972`;

exports[`location > 1337 > longitude > noArgs 1`] = `-85.6711`;

exports[`location > 1337 > longitude > with max 1`] = `-130.2153`;

exports[`location > 1337 > longitude > with max and min option 1`] = `-4.7595`;

exports[`location > 1337 > longitude > with max option 1`] = `-130.2153`;

exports[`location > 1337 > longitude > with max, min and precision option 1`] = `-4.7595064997`;

exports[`location > 1337 > longitude > with min 1`] = `39.7847`;

exports[`location > 1337 > longitude > with min option 1`] = `39.7847`;

exports[`location > 1337 > longitude > with precision 1`] = `-85.6711169944`;

exports[`location > 1337 > longitude > with precision option 1`] = `-85.6711169944`;

exports[`location > 1337 > nearbyGPSCoordinate > near origin 1`] = `
[
  0.02280582292428224,
  -0.001726349817204209,
]
`;

exports[`location > 1337 > nearbyGPSCoordinate > noArgs 1`] = `
[
  -42.8356,
  -122.8738,
]
`;

exports[`location > 1337 > nearbyGPSCoordinate > only isMetric 1`] = `
[
  -42.8356,
  -122.8738,
]
`;

exports[`location > 1337 > nearbyGPSCoordinate > only radius 1`] = `
[
  -42.8356,
  -122.8738,
]
`;

exports[`location > 1337 > nearbyGPSCoordinate > with origin and isMetric 1`] = `
[
  37.014171041887565,
  -13.00107271619413,
]
`;

exports[`location > 1337 > nearbyGPSCoordinate > with origin and radius 1`] = `
[
  37.034208734386425,
  -13.00258952472575,
]
`;

exports[`location > 1337 > nearbyGPSCoordinate > with origin, radius and isMetric 1`] = `
[
  37.02125209810485,
  -13.001608736321373,
]
`;

exports[`location > 1337 > nearbyGPSCoordinate > with radius and isMetric 1`] = `
[
  -42.8356,
  -122.8738,
]
`;

exports[`location > 1337 > ordinalDirection > noArgs 1`] = `"Northwest"`;

exports[`location > 1337 > ordinalDirection > with abbreviated option 1`] = `"NW"`;

exports[`location > 1337 > ordinalDirection > with boolean 1`] = `"Northwest"`;

exports[`location > 1337 > secondaryAddress 1`] = `"Apt. 234"`;

exports[`location > 1337 > state > noArgs 1`] = `"Indiana"`;

exports[`location > 1337 > state > with options 1`] = `"IN"`;

exports[`location > 1337 > stateAbbr 1`] = `"IN"`;

exports[`location > 1337 > street 1`] = `"Carmelo Forge"`;

exports[`location > 1337 > streetAddress > noArgs 1`] = `"2343 Gislason Walks"`;

exports[`location > 1337 > streetAddress > with boolean 1`] = `"2343 Gislason Walks"`;

exports[`location > 1337 > streetAddress > with useFullAddress options 1`] = `"2343 Gislason Walks Suite 236"`;

exports[`location > 1337 > timeZone 1`] = `"America/Guatemala"`;

exports[`location > 1337 > zipCode > noArgs 1`] = `"13435"`;

exports[`location > 1337 > zipCode > with format option 1`] = `"213-435"`;

exports[`location > 1337 > zipCode > with string 1`] = `"213"`;

exports[`location > 1337 > zipCodeByState > noArgs 1`] = `"13435"`;
