// Vitest Snapshot v1, https://vitest.dev/guide/snapshot.html

exports[`random > 42 > alpha > noArgs 1`] = `"t"`;

exports[`random > 42 > alpha > with length 1`] = `"tWLFi"`;

exports[`random > 42 > alphaNumeric > noArgs 1`] = `"n"`;

exports[`random > 42 > alphaNumeric > with length 1`] = `"nWJBa"`;

exports[`random > 42 > numeric > noArgs 1`] = `"3"`;

exports[`random > 42 > numeric > with length 1`] = `"39751"`;

exports[`random > 42 > word 1`] = `"throughput"`;

exports[`random > 42 > words > noArgs 1`] = `"refreshments Cisgender"`;

exports[`random > 42 > words > with length 1`] = `"throughput Lutetium mint outstanding female"`;

exports[`random > 42 > words > with length range 1`] = `"refreshments Cisgender"`;

exports[`random > 1211 > alpha > noArgs 1`] = `"V"`;

exports[`random > 1211 > alpha > with length 1`] = `"VUmZI"`;

exports[`random > 1211 > alphaNumeric > noArgs 1`] = `"V"`;

exports[`random > 1211 > alphaNumeric > with length 1`] = `"VTeZF"`;

exports[`random > 1211 > numeric > noArgs 1`] = `"8"`;

exports[`random > 1211 > numeric > with length 1`] = `"88296"`;

exports[`random > 1211 > word 1`] = `"pish"`;

exports[`random > 1211 > words > noArgs 1`] = `"fairly puzzle Producer"`;

exports[`random > 1211 > words > with length 1`] = `"pish Frozen Accounts Gasoline Internal"`;

exports[`random > 1211 > words > with length range 1`] = `"fairly puzzle Producer Gasoline Internal"`;

exports[`random > 1337 > alpha > noArgs 1`] = `"n"`;

exports[`random > 1337 > alpha > with length 1`] = `"nioxq"`;

exports[`random > 1337 > alphaNumeric > noArgs 1`] = `"g"`;

exports[`random > 1337 > alphaNumeric > with length 1`] = `"gahsk"`;

exports[`random > 1337 > numeric > noArgs 1`] = `"2"`;

exports[`random > 1337 > numeric > with length 1`] = `"21343"`;

exports[`random > 1337 > word 1`] = `"strategic"`;

exports[`random > 1337 > words > noArgs 1`] = `"Home HDD"`;

exports[`random > 1337 > words > with length 1`] = `"strategic synthesize compelling Silicon Home"`;

exports[`random > 1337 > words > with length range 1`] = `"Home HDD"`;
