// Vitest Snapshot v1, https://vitest.dev/guide/snapshot.html

exports[`string > 42 > alpha > noArgs 1`] = `"t"`;

exports[`string > 42 > alpha > with casing = lower 1`] = `"j"`;

exports[`string > 42 > alpha > with casing = mixed 1`] = `"t"`;

exports[`string > 42 > alpha > with casing = upper 1`] = `"J"`;

exports[`string > 42 > alpha > with exclude 1`] = `"A"`;

exports[`string > 42 > alpha > with length 1`] = `"tWLFii"`;

exports[`string > 42 > alpha > with length parameter 1`] = `"tWLFi"`;

exports[`string > 42 > alpha > with length parameter 2`] = `"idSFK"`;

exports[`string > 42 > alpha > with length parameter 3`] = `"bXQlj"`;

exports[`string > 42 > alpha > with length parameter 4`] = `"jqBwp"`;

exports[`string > 42 > alpha > with length parameter 5`] = `"Fhptx"`;

exports[`string > 42 > alpha > with length range 1`] = `"WLFiidSFKbXQlj"`;

exports[`string > 42 > alpha > with length, casing and exclude 1`] = `"gyvjccb"`;

exports[`string > 42 > alphanumeric > noArgs 1`] = `"n"`;

exports[`string > 42 > alphanumeric > with casing = lower 1`] = `"d"`;

exports[`string > 42 > alphanumeric > with casing = mixed 1`] = `"n"`;

exports[`string > 42 > alphanumeric > with casing = upper 1`] = `"D"`;

exports[`string > 42 > alphanumeric > with exclude 1`] = `"x"`;

exports[`string > 42 > alphanumeric > with length 1`] = `"nWJBaa"`;

exports[`string > 42 > alphanumeric > with length parameter 1`] = `"nWJBa"`;

exports[`string > 42 > alphanumeric > with length parameter 2`] = `"a4RBH"`;

exports[`string > 42 > alphanumeric > with length parameter 3`] = `"1XPdb"`;

exports[`string > 42 > alphanumeric > with length parameter 4`] = `"bjwqi"`;

exports[`string > 42 > alphanumeric > with length parameter 5`] = `"B9ims"`;

exports[`string > 42 > alphanumeric > with length range 1`] = `"WJBaa4RBH1XPdb"`;

exports[`string > 42 > alphanumeric > with length, casing and exclude 1`] = `"cykh442"`;

exports[`string > 42 > binary > noArgs 1`] = `"0b0"`;

exports[`string > 42 > binary > with custom prefix 1`] = `"bin_0"`;

exports[`string > 42 > binary > with length 1`] = `"0b011100"`;

exports[`string > 42 > binary > with length and empty prefix 1`] = `"0111000"`;

exports[`string > 42 > binary > with length range 1`] = `"0b11100011101100"`;

exports[`string > 42 > fromCharacters > with string characters 1`] = `"o"`;

exports[`string > 42 > fromCharacters > with string characters and length 1`] = `"orabo"`;

exports[`string > 42 > fromCharacters > with string characters and length range 1`] = `"raboofabafraoo"`;

exports[`string > 42 > fromCharacters > with string[] characters 1`] = `"o"`;

exports[`string > 42 > fromCharacters > with string[] characters and length 1`] = `"orabo"`;

exports[`string > 42 > fromCharacters > with string[] characters and length range 1`] = `"raboofabafraoo"`;

exports[`string > 42 > hexadecimal > noArgs 1`] = `"0x8"`;

exports[`string > 42 > hexadecimal > with casing = lower 1`] = `"0x8"`;

exports[`string > 42 > hexadecimal > with casing = mixed 1`] = `"0x8"`;

exports[`string > 42 > hexadecimal > with casing = upper 1`] = `"0x8"`;

exports[`string > 42 > hexadecimal > with custom prefix 1`] = `"hex_8"`;

exports[`string > 42 > hexadecimal > with length 1`] = `"0x8Efd33"`;

exports[`string > 42 > hexadecimal > with length range 1`] = `"0xEfd331Cdf0EB44"`;

exports[`string > 42 > hexadecimal > with length, casing and empty prefix 1`] = `"8efd331"`;

exports[`string > 42 > nanoid > noArgs 1`] = `"WBaRHXdbwi9mMv3aWN6ru"`;

exports[`string > 42 > nanoid > noArgs 2`] = `"TEwb-TUckhmxNYcOI57C4"`;

exports[`string > 42 > nanoid > noArgs 3`] = `"kDtIyuq7DvfK5aNRbxT7q"`;

exports[`string > 42 > nanoid > noArgs 4`] = `"RvelkHXfi2vhfu_KIDxPb"`;

exports[`string > 42 > nanoid > noArgs 5`] = `"A1ebo87SEyfTDlTM5T1Ea"`;

exports[`string > 42 > nanoid > with length parameter 1`] = `"WBaRHXdbwi9mMv3aWN6ruTEwb-TUck"`;

exports[`string > 42 > nanoid > with length range 1`] = `"Ja4B1-bjqBiscAB4XjG72g"`;

exports[`string > 42 > numeric > noArgs 1`] = `"3"`;

exports[`string > 42 > numeric > with allowLeadingZeros 1`] = `"4"`;

exports[`string > 42 > numeric > with exclude 1`] = `"6"`;

exports[`string > 42 > numeric > with length 1`] = `"397511"`;

exports[`string > 42 > numeric > with length parameter 1`] = `"39751"`;

exports[`string > 42 > numeric > with length parameter 2`] = `"11856"`;

exports[`string > 42 > numeric > with length parameter 3`] = `"09722"`;

exports[`string > 42 > numeric > with length parameter 4`] = `"23543"`;

exports[`string > 42 > numeric > with length parameter 5`] = `"61334"`;

exports[`string > 42 > numeric > with length range 1`] = `"97511185609722"`;

exports[`string > 42 > numeric > with length, allowLeadingZeros and exclude 1`] = `"6987660"`;

exports[`string > 42 > octal > noArgs 1`] = `"0o3"`;

exports[`string > 42 > octal > with custom prefix 1`] = `"oct_3"`;

exports[`string > 42 > octal > with length 1`] = `"0o375411"`;

exports[`string > 42 > octal > with length and empty prefix 1`] = `"3754110"`;

exports[`string > 42 > octal > with length range 1`] = `"0o75411064507611"`;

exports[`string > 42 > sample > noArgs 1`] = `"CxdX//&qXb"`;

exports[`string > 42 > sample > with length parameter 1`] = `"CxdX/"`;

exports[`string > 42 > sample > with length parameter 2`] = `"/&qXb"`;

exports[`string > 42 > sample > with length parameter 3`] = `"#zn52"`;

exports[`string > 42 > sample > with length parameter 4`] = `"2=QI<"`;

exports[`string > 42 > sample > with length parameter 5`] = `"Y.<CK"`;

exports[`string > 42 > sample > with length range 1`] = `"xdX//&qXb#zn52"`;

exports[`string > 42 > symbol > noArgs 1`] = `"-"`;

exports[`string > 42 > symbol > with length parameter 1`] = `"-|\\\\>&"`;

exports[`string > 42 > symbol > with length parameter 2`] = `"&#\`>["`;

exports[`string > 42 > symbol > with length parameter 3`] = `"\\"}_('"`;

exports[`string > 42 > symbol > with length parameter 4`] = `"'*;.*"`;

exports[`string > 42 > symbol > with length parameter 5`] = `">%*,/"`;

exports[`string > 42 > symbol > with length range 1`] = `"|\\\\>&&#\`>[\\"}_('"`;

exports[`string > 42 > uuid 1`] = `"6eb9221d-9b0f-4c33-a358-6492457c3891"`;

exports[`string > 42 > uuid 2`] = `"31eec51a-7271-4e4a-9588-3fced9e13156"`;

exports[`string > 42 > uuid 3`] = `"c5482c1f-c30c-4bbc-a152-d95155bad72b"`;

exports[`string > 42 > uuid 4`] = `"8c786020-a58e-446b-8314-2ecadc3d8cd5"`;

exports[`string > 42 > uuid 5`] = `"36cd0863-25e5-48b5-bfe4-75419814e427"`;

exports[`string > 1211 > alpha > noArgs 1`] = `"V"`;

exports[`string > 1211 > alpha > with casing = lower 1`] = `"x"`;

exports[`string > 1211 > alpha > with casing = mixed 1`] = `"V"`;

exports[`string > 1211 > alpha > with casing = upper 1`] = `"X"`;

exports[`string > 1211 > alpha > with exclude 1`] = `"W"`;

exports[`string > 1211 > alpha > with length 1`] = `"VUmZIJ"`;

exports[`string > 1211 > alpha > with length parameter 1`] = `"VUmZI"`;

exports[`string > 1211 > alpha > with length parameter 2`] = `"JNsJP"`;

exports[`string > 1211 > alpha > with length parameter 3`] = `"NHQwS"`;

exports[`string > 1211 > alpha > with length parameter 4`] = `"SlEkt"`;

exports[`string > 1211 > alpha > with length parameter 5`] = `"YNuWB"`;

exports[`string > 1211 > alpha > with length range 1`] = `"UmZIJNsJPNHQwSSlEkt"`;

exports[`string > 1211 > alpha > with length, casing and exclude 1`] = `"yxdzkkv"`;

exports[`string > 1211 > alphanumeric > noArgs 1`] = `"V"`;

exports[`string > 1211 > alphanumeric > with casing = lower 1`] = `"w"`;

exports[`string > 1211 > alphanumeric > with casing = mixed 1`] = `"V"`;

exports[`string > 1211 > alphanumeric > with casing = upper 1`] = `"W"`;

exports[`string > 1211 > alphanumeric > with exclude 1`] = `"W"`;

exports[`string > 1211 > alphanumeric > with length 1`] = `"VTeZFG"`;

exports[`string > 1211 > alphanumeric > with length parameter 1`] = `"VTeZF"`;

exports[`string > 1211 > alphanumeric > with length parameter 2`] = `"GLmGO"`;

exports[`string > 1211 > alphanumeric > with length parameter 3`] = `"LEPrR"`;

exports[`string > 1211 > alphanumeric > with length parameter 4`] = `"QdAcn"`;

exports[`string > 1211 > alphanumeric > with length parameter 5`] = `"YLoVw"`;

exports[`string > 1211 > alphanumeric > with length range 1`] = `"TeZFGLmGOLEPrRQdAcn"`;

exports[`string > 1211 > alphanumeric > with length, casing and exclude 1`] = `"yxazijk"`;

exports[`string > 1211 > binary > noArgs 1`] = `"0b1"`;

exports[`string > 1211 > binary > with custom prefix 1`] = `"bin_1"`;

exports[`string > 1211 > binary > with length 1`] = `"0b110111"`;

exports[`string > 1211 > binary > with length and empty prefix 1`] = `"1101111"`;

exports[`string > 1211 > binary > with length range 1`] = `"0b1011110111110110100"`;

exports[`string > 1211 > fromCharacters > with string characters 1`] = `"r"`;

exports[`string > 1211 > fromCharacters > with string characters and length 1`] = `"raorb"`;

exports[`string > 1211 > fromCharacters > with string characters and length range 1`] = `"aorbbaobaabaoaaoboo"`;

exports[`string > 1211 > fromCharacters > with string[] characters 1`] = `"r"`;

exports[`string > 1211 > fromCharacters > with string[] characters and length 1`] = `"raorb"`;

exports[`string > 1211 > fromCharacters > with string[] characters and length range 1`] = `"aorbbaobaabaoaaoboo"`;

exports[`string > 1211 > hexadecimal > noArgs 1`] = `"0xD"`;

exports[`string > 1211 > hexadecimal > with casing = lower 1`] = `"0xd"`;

exports[`string > 1211 > hexadecimal > with casing = mixed 1`] = `"0xD"`;

exports[`string > 1211 > hexadecimal > with casing = upper 1`] = `"0xD"`;

exports[`string > 1211 > hexadecimal > with custom prefix 1`] = `"hex_D"`;

exports[`string > 1211 > hexadecimal > with length 1`] = `"0xDD5Fee"`;

exports[`string > 1211 > hexadecimal > with length range 1`] = `"0xD5FeeA7fBAeB9CC5c48"`;

exports[`string > 1211 > hexadecimal > with length, casing and empty prefix 1`] = `"dd5feea"`;

exports[`string > 1211 > nanoid > noArgs 1`] = `"TZGmOErQAn-VXiwQgbGHf"`;

exports[`string > 1211 > nanoid > noArgs 2`] = `"dz2bhvdRQnzxXRIl1K58d"`;

exports[`string > 1211 > nanoid > noArgs 3`] = `"ZcyCDKTlrPWfVUW_K8GgV"`;

exports[`string > 1211 > nanoid > noArgs 4`] = `"HrjeUEETtyzrC9vYMsSBO"`;

exports[`string > 1211 > nanoid > noArgs 5`] = `"pXVp8BmBfrfX-bE0-l08L"`;

exports[`string > 1211 > nanoid > with length parameter 1`] = `"TZGmOErQAn-VXiwQgbGHfdz2bhvdRQ"`;

exports[`string > 1211 > nanoid > with length range 1`] = `"e-LGLPRdcYow_Hlnjy9upQtGHLsB6stNV-d"`;

exports[`string > 1211 > numeric > noArgs 1`] = `"8"`;

exports[`string > 1211 > numeric > with allowLeadingZeros 1`] = `"8"`;

exports[`string > 1211 > numeric > with exclude 1`] = `"9"`;

exports[`string > 1211 > numeric > with length 1`] = `"882966"`;

exports[`string > 1211 > numeric > with length parameter 1`] = `"88296"`;

exports[`string > 1211 > numeric > with length parameter 2`] = `"67367"`;

exports[`string > 1211 > numeric > with length parameter 3`] = `"76748"`;

exports[`string > 1211 > numeric > with length parameter 4`] = `"82523"`;

exports[`string > 1211 > numeric > with length parameter 5`] = `"97485"`;

exports[`string > 1211 > numeric > with length range 1`] = `"8296673677674882523"`;

exports[`string > 1211 > numeric > with length, allowLeadingZeros and exclude 1`] = `"9969888"`;

exports[`string > 1211 > octal > noArgs 1`] = `"0o6"`;

exports[`string > 1211 > octal > with custom prefix 1`] = `"oct_6"`;

exports[`string > 1211 > octal > with length 1`] = `"0o662755"`;

exports[`string > 1211 > octal > with length and empty prefix 1`] = `"6627555"`;

exports[`string > 1211 > octal > with length range 1`] = `"0o6275552565563662413"`;

exports[`string > 1211 > sample > noArgs 1`] = `"vs6}_\`gBal"`;

exports[`string > 1211 > sample > with length parameter 1`] = `"vs6}_"`;

exports[`string > 1211 > sample > with length parameter 2`] = `"\`gBal"`;

exports[`string > 1211 > sample > with length parameter 3`] = `"h]mIq"`;

exports[`string > 1211 > sample > with length parameter 4`] = `"p5W3C"`;

exports[`string > 1211 > sample > with length parameter 5`] = `"|hEwR"`;

exports[`string > 1211 > sample > with length range 1`] = `"s6}_\`gBalh]mIqp5W3C"`;

exports[`string > 1211 > symbol > noArgs 1`] = `"|"`;

exports[`string > 1211 > symbol > with length parameter 1`] = `"|{(~@"`;

exports[`string > 1211 > symbol > with length parameter 2`] = `"@],[^"`;

exports[`string > 1211 > symbol > with length parameter 3`] = `"]?_.\`"`;

exports[`string > 1211 > symbol > with length parameter 4`] = `"\`(=',"`;

exports[`string > 1211 > symbol > with length parameter 5`] = `"~]-|<"`;

exports[`string > 1211 > symbol > with length range 1`] = `"{(~@@],[^]?_.\`\`(=',"`;

exports[`string > 1211 > uuid 1`] = `"ed3faab5-acca-4c7d-9d39-36fb6e8f34b8"`;

exports[`string > 1211 > uuid 2`] = `"d64538a2-a746-43d9-971a-3b4c8739d2d7"`;

exports[`string > 1211 > uuid 3`] = `"79c8efcd-3bd5-4d08-ab71-4243ef639899"`;

exports[`string > 1211 > uuid 4`] = `"9cbde858-75c3-4e14-91e6-e9ef59be28ab"`;

exports[`string > 1211 > uuid 5`] = `"de2b17a5-033e-49a8-8a9d-77c809771962"`;

exports[`string > 1337 > alpha > noArgs 1`] = `"n"`;

exports[`string > 1337 > alpha > with casing = lower 1`] = `"h"`;

exports[`string > 1337 > alpha > with casing = mixed 1`] = `"n"`;

exports[`string > 1337 > alpha > with casing = upper 1`] = `"H"`;

exports[`string > 1337 > alpha > with exclude 1`] = `"v"`;

exports[`string > 1337 > alpha > with length 1`] = `"nioxqA"`;

exports[`string > 1337 > alpha > with length parameter 1`] = `"nioxq"`;

exports[`string > 1337 > alpha > with length parameter 2`] = `"AnYLg"`;

exports[`string > 1337 > alpha > with length parameter 3`] = `"uGgYx"`;

exports[`string > 1337 > alpha > with length parameter 4`] = `"OPsvE"`;

exports[`string > 1337 > alpha > with length parameter 5`] = `"NkpIz"`;

exports[`string > 1337 > alpha > with length range 1`] = `"ioxqAnYLguGgY"`;

exports[`string > 1337 > alpha > with length, casing and exclude 1`] = `"ecehfie"`;

exports[`string > 1337 > alphanumeric > noArgs 1`] = `"g"`;

exports[`string > 1337 > alphanumeric > with casing = lower 1`] = `"9"`;

exports[`string > 1337 > alphanumeric > with casing = mixed 1`] = `"g"`;

exports[`string > 1337 > alphanumeric > with casing = upper 1`] = `"9"`;

exports[`string > 1337 > alphanumeric > with exclude 1`] = `"s"`;

exports[`string > 1337 > alphanumeric > with length 1`] = `"gahskw"`;

exports[`string > 1337 > alphanumeric > with length parameter 1`] = `"gahsk"`;

exports[`string > 1337 > alphanumeric > with length parameter 2`] = `"wgYJ7"`;

exports[`string > 1337 > alphanumeric > with length parameter 3`] = `"oC8Yr"`;

exports[`string > 1337 > alphanumeric > with length parameter 4`] = `"MMmpA"`;

exports[`string > 1337 > alphanumeric > with length parameter 5`] = `"KbiFu"`;

exports[`string > 1337 > alphanumeric > with length range 1`] = `"ahskwgYJ7oC8Y"`;

exports[`string > 1337 > alphanumeric > with length, casing and exclude 1`] = `"a4bebfa"`;

exports[`string > 1337 > binary > noArgs 1`] = `"0b0"`;

exports[`string > 1337 > binary > with custom prefix 1`] = `"bin_0"`;

exports[`string > 1337 > binary > with length 1`] = `"0b000001"`;

exports[`string > 1337 > binary > with length and empty prefix 1`] = `"0000010"`;

exports[`string > 1337 > binary > with length range 1`] = `"0b0000101100101"`;

exports[`string > 1337 > fromCharacters > with string characters 1`] = `"o"`;

exports[`string > 1337 > fromCharacters > with string characters and length 1`] = `"ooooo"`;

exports[`string > 1337 > fromCharacters > with string characters and length range 1`] = `"ooooboraoobor"`;

exports[`string > 1337 > fromCharacters > with string[] characters 1`] = `"o"`;

exports[`string > 1337 > fromCharacters > with string[] characters and length 1`] = `"ooooo"`;

exports[`string > 1337 > fromCharacters > with string[] characters and length range 1`] = `"ooooboraoobor"`;

exports[`string > 1337 > hexadecimal > noArgs 1`] = `"0x6"`;

exports[`string > 1337 > hexadecimal > with casing = lower 1`] = `"0x6"`;

exports[`string > 1337 > hexadecimal > with casing = mixed 1`] = `"0x6"`;

exports[`string > 1337 > hexadecimal > with casing = upper 1`] = `"0x6"`;

exports[`string > 1337 > hexadecimal > with custom prefix 1`] = `"hex_6"`;

exports[`string > 1337 > hexadecimal > with length 1`] = `"0x636a7b"`;

exports[`string > 1337 > hexadecimal > with length range 1`] = `"0x36a7b6Ef28d3F"`;

exports[`string > 1337 > hexadecimal > with length, casing and empty prefix 1`] = `"636a7b6"`;

exports[`string > 1337 > nanoid > noArgs 1`] = `"aswY7CYMmAbFbcPWv1Z8G"`;

exports[`string > 1337 > nanoid > noArgs 2`] = `"nMHXBZ1V_IKcUUHwtouMT"`;

exports[`string > 1337 > nanoid > noArgs 3`] = `"TtDeyeo82JBQ_H2uUL28G"`;

exports[`string > 1337 > nanoid > noArgs 4`] = `"Vbl54ELLzQJT2W9CTgu4D"`;

exports[`string > 1337 > nanoid > noArgs 5`] = `"ruWyanzH3wHhpgMxqOJIV"`;

exports[`string > 1337 > nanoid > with length parameter 1`] = `"aswY7CYMmAbFbcPWv1Z8GnMHXBZ1V_"`;

exports[`string > 1337 > nanoid > with length range 1`] = `"hkg-o8_MpKiupwbqvJ_"`;

exports[`string > 1337 > numeric > noArgs 1`] = `"2"`;

exports[`string > 1337 > numeric > with allowLeadingZeros 1`] = `"3"`;

exports[`string > 1337 > numeric > with exclude 1`] = `"6"`;

exports[`string > 1337 > numeric > with length 1`] = `"213435"`;

exports[`string > 1337 > numeric > with length parameter 1`] = `"21343"`;

exports[`string > 1337 > numeric > with length parameter 2`] = `"52971"`;

exports[`string > 1337 > numeric > with length parameter 3`] = `"36194"`;

exports[`string > 1337 > numeric > with length parameter 4`] = `"77345"`;

exports[`string > 1337 > numeric > with length parameter 5`] = `"72364"`;

exports[`string > 1337 > numeric > with length range 1`] = `"1343529713619"`;

exports[`string > 1337 > numeric > with length, allowLeadingZeros and exclude 1`] = `"6667676"`;

exports[`string > 1337 > octal > noArgs 1`] = `"0o2"`;

exports[`string > 1337 > octal > with custom prefix 1`] = `"oct_2"`;

exports[`string > 1337 > octal > with length 1`] = `"0o212324"`;

exports[`string > 1337 > octal > with length and empty prefix 1`] = `"2123242"`;

exports[`string > 1337 > octal > with length range 1`] = `"0o1232427513417"`;

exports[`string > 1337 > sample > noArgs 1`] = `"90;K?Q9{d,"`;

exports[`string > 1337 > sample > with length parameter 1`] = `"90;K?"`;

exports[`string > 1337 > sample > with length parameter 2`] = `"Q9{d,"`;

exports[`string > 1337 > sample > with length parameter 3`] = `"E[-{J"`;

exports[`string > 1337 > sample > with length parameter 4`] = `"jjBGW"`;

exports[`string > 1337 > sample > with length parameter 5`] = `"g2<_O"`;

exports[`string > 1337 > sample > with length range 1`] = `"0;K?Q9{d,E[-{"`;

exports[`string > 1337 > symbol > noArgs 1`] = `")"`;

exports[`string > 1337 > symbol > with length parameter 1`] = `")&*/+"`;

exports[`string > 1337 > symbol > with length parameter 2`] = `";)}\\\\%"`;

exports[`string > 1337 > symbol > with length parameter 3`] = `"->%}/"`;

exports[`string > 1337 > symbol > with length parameter 4`] = `"]^,.="`;

exports[`string > 1337 > symbol > with length parameter 5`] = `"]'*@:"`;

exports[`string > 1337 > symbol > with length range 1`] = `"&*/+;)}\\\\%->%}"`;

exports[`string > 1337 > uuid 1`] = `"4247584f-b269-42f7-9cc5-69b34a73638c"`;

exports[`string > 1337 > uuid 2`] = `"e6880bf2-26a0-461c-a5b7-fd98f401ef75"`;

exports[`string > 1337 > uuid 3`] = `"0ba3ae2e-5b48-4377-b6c7-bc5ebd67ea84"`;

exports[`string > 1337 > uuid 4`] = `"8b46682a-04be-496d-8f46-a50571ebc114"`;

exports[`string > 1337 > uuid 5`] = `"4a7e9335-61a1-4ba0-9b5c-593d4b8e801e"`;
