// Vitest Snapshot v1, https://vitest.dev/guide/snapshot.html

exports[`system > 42 > commonFileExt 1`] = `"png"`;

exports[`system > 42 > commonFileName > noArgs 1`] = `"unnaturally_dreamily.mp2a"`;

exports[`system > 42 > commonFileName > with extension 1`] = `"unnaturally_dreamily.ext"`;

exports[`system > 42 > commonFileType 1`] = `"audio"`;

exports[`system > 42 > cron > noArgs 1`] = `"* * * 8 ?"`;

exports[`system > 42 > cron > with includeNonStandard false 1`] = `"* * * 8 ?"`;

exports[`system > 42 > cron > with includeNonStandard true 1`] = `"* * * 8 ?"`;

exports[`system > 42 > cron > with includeYear false 1`] = `"* * * 8 ?"`;

exports[`system > 42 > cron > with includeYear true 1`] = `"* * * 8 ? *"`;

exports[`system > 42 > directoryPath 1`] = `"/opt/bin"`;

exports[`system > 42 > fileExt > noArgs 1`] = `"docx"`;

exports[`system > 42 > fileExt > with mimeType 1`] = `"json"`;

exports[`system > 42 > fileName > noArgs 1`] = `"unnaturally_dreamily.iso"`;

exports[`system > 42 > fileName > with extensionCount 1`] = `"unnaturally_dreamily.iso.xlw"`;

exports[`system > 42 > fileName > with extensionCount range 1`] = `"unnaturally_dreamily"`;

exports[`system > 42 > filePath 1`] = `"/opt/bin/supposing_dreamily_easel.xlsx"`;

exports[`system > 42 > fileType 1`] = `"font"`;

exports[`system > 42 > mimeType 1`] = `"application/x-bzip2"`;

exports[`system > 42 > networkInterface > noArgs 1`] = `"wlp5s1f1"`;

exports[`system > 42 > networkInterface > with {"interfaceSchema":"index"} 1`] = `"wlo9"`;

exports[`system > 42 > networkInterface > with {"interfaceSchema":"mac"} 1`] = `"wlxeb9221d9b0fc"`;

exports[`system > 42 > networkInterface > with {"interfaceSchema":"pci"} 1`] = `"wlp7s5f1d8"`;

exports[`system > 42 > networkInterface > with {"interfaceSchema":"slot"} 1`] = `"wls9"`;

exports[`system > 42 > networkInterface > with {"interfaceType":"en","interfaceSchema":"index"} 1`] = `"eno3"`;

exports[`system > 42 > networkInterface > with {"interfaceType":"en","interfaceSchema":"mac"} 1`] = `"enx6eb9221d9b0f"`;

exports[`system > 42 > networkInterface > with {"interfaceType":"en","interfaceSchema":"pci"} 1`] = `"P9enp7s5f1d8"`;

exports[`system > 42 > networkInterface > with {"interfaceType":"en","interfaceSchema":"slot"} 1`] = `"ens3"`;

exports[`system > 42 > networkInterface > with {"interfaceType":"en"} 1`] = `"ens9"`;

exports[`system > 42 > networkInterface > with {"interfaceType":"wl","interfaceSchema":"index"} 1`] = `"wlo3"`;

exports[`system > 42 > networkInterface > with {"interfaceType":"wl","interfaceSchema":"mac"} 1`] = `"wlx6eb9221d9b0f"`;

exports[`system > 42 > networkInterface > with {"interfaceType":"wl","interfaceSchema":"pci"} 1`] = `"P9wlp7s5f1d8"`;

exports[`system > 42 > networkInterface > with {"interfaceType":"wl","interfaceSchema":"slot"} 1`] = `"wls3"`;

exports[`system > 42 > networkInterface > with {"interfaceType":"wl"} 1`] = `"wls9"`;

exports[`system > 42 > networkInterface > with {"interfaceType":"ww","interfaceSchema":"index"} 1`] = `"wwo3"`;

exports[`system > 42 > networkInterface > with {"interfaceType":"ww","interfaceSchema":"mac"} 1`] = `"wwx6eb9221d9b0f"`;

exports[`system > 42 > networkInterface > with {"interfaceType":"ww","interfaceSchema":"pci"} 1`] = `"P9wwp7s5f1d8"`;

exports[`system > 42 > networkInterface > with {"interfaceType":"ww","interfaceSchema":"slot"} 1`] = `"wws3"`;

exports[`system > 42 > networkInterface > with {"interfaceType":"ww"} 1`] = `"wws9"`;

exports[`system > 42 > networkInterface > with {} 1`] = `"wlp5s1f1"`;

exports[`system > 42 > semver 1`] = `"3.9.7"`;

exports[`system > 1211 > commonFileExt 1`] = `"m2v"`;

exports[`system > 1211 > commonFileName > noArgs 1`] = `"gripping_unnaturally_smart.png"`;

exports[`system > 1211 > commonFileName > with extension 1`] = `"gripping_unnaturally_smart.ext"`;

exports[`system > 1211 > commonFileType 1`] = `"application"`;

exports[`system > 1211 > cron > noArgs 1`] = `"55 * ? * *"`;

exports[`system > 1211 > cron > with includeNonStandard false 1`] = `"55 * ? * *"`;

exports[`system > 1211 > cron > with includeNonStandard true 1`] = `"55 * ? * *"`;

exports[`system > 1211 > cron > with includeYear false 1`] = `"55 * ? * *"`;

exports[`system > 1211 > cron > with includeYear true 1`] = `"55 * ? * * *"`;

exports[`system > 1211 > directoryPath 1`] = `"/var/log"`;

exports[`system > 1211 > fileExt > noArgs 1`] = `"mp4"`;

exports[`system > 1211 > fileExt > with mimeType 1`] = `"map"`;

exports[`system > 1211 > fileName > noArgs 1`] = `"gripping_unnaturally_smart.vst"`;

exports[`system > 1211 > fileName > with extensionCount 1`] = `"gripping_unnaturally_smart.vst.mp4v"`;

exports[`system > 1211 > fileName > with extensionCount range 1`] = `"gripping_unnaturally_smart.mp4v"`;

exports[`system > 1211 > filePath 1`] = `"/var/log/recess_timely_humming.mp4v"`;

exports[`system > 1211 > fileType 1`] = `"video"`;

exports[`system > 1211 > mimeType 1`] = `"video/mp2t"`;

exports[`system > 1211 > networkInterface > noArgs 1`] = `"P9wwp6s6d6"`;

exports[`system > 1211 > networkInterface > with {"interfaceSchema":"index"} 1`] = `"wwo8"`;

exports[`system > 1211 > networkInterface > with {"interfaceSchema":"mac"} 1`] = `"wwxd3faab5accac"`;

exports[`system > 1211 > networkInterface > with {"interfaceSchema":"pci"} 1`] = `"wwp2s9"`;

exports[`system > 1211 > networkInterface > with {"interfaceSchema":"slot"} 1`] = `"wws8f9"`;

exports[`system > 1211 > networkInterface > with {"interfaceType":"en","interfaceSchema":"index"} 1`] = `"eno8"`;

exports[`system > 1211 > networkInterface > with {"interfaceType":"en","interfaceSchema":"mac"} 1`] = `"enxed3faab5acca"`;

exports[`system > 1211 > networkInterface > with {"interfaceType":"en","interfaceSchema":"pci"} 1`] = `"enp8s2"`;

exports[`system > 1211 > networkInterface > with {"interfaceType":"en","interfaceSchema":"slot"} 1`] = `"ens8d9"`;

exports[`system > 1211 > networkInterface > with {"interfaceType":"en"} 1`] = `"enp2s9"`;

exports[`system > 1211 > networkInterface > with {"interfaceType":"wl","interfaceSchema":"index"} 1`] = `"wlo8"`;

exports[`system > 1211 > networkInterface > with {"interfaceType":"wl","interfaceSchema":"mac"} 1`] = `"wlxed3faab5acca"`;

exports[`system > 1211 > networkInterface > with {"interfaceType":"wl","interfaceSchema":"pci"} 1`] = `"wlp8s2"`;

exports[`system > 1211 > networkInterface > with {"interfaceType":"wl","interfaceSchema":"slot"} 1`] = `"wls8d9"`;

exports[`system > 1211 > networkInterface > with {"interfaceType":"wl"} 1`] = `"wlp2s9"`;

exports[`system > 1211 > networkInterface > with {"interfaceType":"ww","interfaceSchema":"index"} 1`] = `"wwo8"`;

exports[`system > 1211 > networkInterface > with {"interfaceType":"ww","interfaceSchema":"mac"} 1`] = `"wwxed3faab5acca"`;

exports[`system > 1211 > networkInterface > with {"interfaceType":"ww","interfaceSchema":"pci"} 1`] = `"wwp8s2"`;

exports[`system > 1211 > networkInterface > with {"interfaceType":"ww","interfaceSchema":"slot"} 1`] = `"wws8d9"`;

exports[`system > 1211 > networkInterface > with {"interfaceType":"ww"} 1`] = `"wwp2s9"`;

exports[`system > 1211 > networkInterface > with {} 1`] = `"P9wwp6s6d6"`;

exports[`system > 1211 > semver 1`] = `"8.8.2"`;

exports[`system > 1337 > commonFileExt 1`] = `"wav"`;

exports[`system > 1337 > commonFileName > noArgs 1`] = `"weedkiller_drat.mpg4"`;

exports[`system > 1337 > commonFileName > with extension 1`] = `"weedkiller_drat.ext"`;

exports[`system > 1337 > commonFileType 1`] = `"audio"`;

exports[`system > 1337 > cron > noArgs 1`] = `"* * 9 6 *"`;

exports[`system > 1337 > cron > with includeNonStandard false 1`] = `"* * 9 6 *"`;

exports[`system > 1337 > cron > with includeNonStandard true 1`] = `"@monthly"`;

exports[`system > 1337 > cron > with includeYear false 1`] = `"* * 9 6 *"`;

exports[`system > 1337 > cron > with includeYear true 1`] = `"* * 9 6 * 2004"`;

exports[`system > 1337 > directoryPath 1`] = `"/Library"`;

exports[`system > 1337 > fileExt > noArgs 1`] = `"xul"`;

exports[`system > 1337 > fileExt > with mimeType 1`] = `"json"`;

exports[`system > 1337 > fileName > noArgs 1`] = `"weedkiller_drat.webp"`;

exports[`system > 1337 > fileName > with extensionCount 1`] = `"weedkiller_drat.webp.ics"`;

exports[`system > 1337 > fileName > with extensionCount range 1`] = `"weedkiller_drat.ics.pptx"`;

exports[`system > 1337 > filePath 1`] = `"/Library/sentimental.distz"`;

exports[`system > 1337 > fileType 1`] = `"audio"`;

exports[`system > 1337 > mimeType 1`] = `"application/vnd.openxmlformats-officedocument.presentationml.presentation"`;

exports[`system > 1337 > networkInterface > noArgs 1`] = `"wlo3"`;

exports[`system > 1337 > networkInterface > with {"interfaceSchema":"index"} 1`] = `"wlo1"`;

exports[`system > 1337 > networkInterface > with {"interfaceSchema":"mac"} 1`] = `"wlx247584fb2692"`;

exports[`system > 1337 > networkInterface > with {"interfaceSchema":"pci"} 1`] = `"P3wlp4s3d9"`;

exports[`system > 1337 > networkInterface > with {"interfaceSchema":"slot"} 1`] = `"wls1f4d5"`;

exports[`system > 1337 > networkInterface > with {"interfaceType":"en","interfaceSchema":"index"} 1`] = `"eno2"`;

exports[`system > 1337 > networkInterface > with {"interfaceType":"en","interfaceSchema":"mac"} 1`] = `"enx4247584fb269"`;

exports[`system > 1337 > networkInterface > with {"interfaceType":"en","interfaceSchema":"pci"} 1`] = `"P1enp3s4f5d9"`;

exports[`system > 1337 > networkInterface > with {"interfaceType":"en","interfaceSchema":"slot"} 1`] = `"ens2f3d3"`;

exports[`system > 1337 > networkInterface > with {"interfaceType":"en"} 1`] = `"ens1f4d5"`;

exports[`system > 1337 > networkInterface > with {"interfaceType":"wl","interfaceSchema":"index"} 1`] = `"wlo2"`;

exports[`system > 1337 > networkInterface > with {"interfaceType":"wl","interfaceSchema":"mac"} 1`] = `"wlx4247584fb269"`;

exports[`system > 1337 > networkInterface > with {"interfaceType":"wl","interfaceSchema":"pci"} 1`] = `"P1wlp3s4f5d9"`;

exports[`system > 1337 > networkInterface > with {"interfaceType":"wl","interfaceSchema":"slot"} 1`] = `"wls2f3d3"`;

exports[`system > 1337 > networkInterface > with {"interfaceType":"wl"} 1`] = `"wls1f4d5"`;

exports[`system > 1337 > networkInterface > with {"interfaceType":"ww","interfaceSchema":"index"} 1`] = `"wwo2"`;

exports[`system > 1337 > networkInterface > with {"interfaceType":"ww","interfaceSchema":"mac"} 1`] = `"wwx4247584fb269"`;

exports[`system > 1337 > networkInterface > with {"interfaceType":"ww","interfaceSchema":"pci"} 1`] = `"P1wwp3s4f5d9"`;

exports[`system > 1337 > networkInterface > with {"interfaceType":"ww","interfaceSchema":"slot"} 1`] = `"wws2f3d3"`;

exports[`system > 1337 > networkInterface > with {"interfaceType":"ww"} 1`] = `"wws1f4d5"`;

exports[`system > 1337 > networkInterface > with {} 1`] = `"wlo3"`;

exports[`system > 1337 > semver 1`] = `"2.1.3"`;
