// Vitest Snapshot v1, https://vitest.dev/guide/snapshot.html

exports[`word > 42 > adjective > noArgs 1`] = `"fine"`;

exports[`word > 42 > adjective > with length = 10 1`] = `"flickering"`;

exports[`word > 42 > adjective > with length = 20 1`] = `"fine"`;

exports[`word > 42 > adjective > with options.length 1`] = `"flickering"`;

exports[`word > 42 > adjective > with options.length and options.strategy 1`] = `"black-and-white"`;

exports[`word > 42 > adjective > with options.strategy 1`] = `"fat"`;

exports[`word > 42 > adverb > noArgs 1`] = `"jaggedly"`;

exports[`word > 42 > adverb > with length = 10 1`] = `"generously"`;

exports[`word > 42 > adverb > with length = 20 1`] = `"jaggedly"`;

exports[`word > 42 > adverb > with options.length 1`] = `"generously"`;

exports[`word > 42 > adverb > with options.length and options.strategy 1`] = `"enthusiastically"`;

exports[`word > 42 > adverb > with options.strategy 1`] = `"not"`;

exports[`word > 42 > conjunction > noArgs 1`] = `"instead"`;

exports[`word > 42 > conjunction > with length = 10 1`] = `"instead"`;

exports[`word > 42 > conjunction > with length = 20 1`] = `"instead"`;

exports[`word > 42 > conjunction > with options.length 1`] = `"instead"`;

exports[`word > 42 > conjunction > with options.length and options.strategy 1`] = `"consequently"`;

exports[`word > 42 > conjunction > with options.strategy 1`] = `"if"`;

exports[`word > 42 > interjection > noArgs 1`] = `"gee"`;

exports[`word > 42 > interjection > with length = 10 1`] = `"gee"`;

exports[`word > 42 > interjection > with length = 20 1`] = `"gee"`;

exports[`word > 42 > interjection > with options.length 1`] = `"gee"`;

exports[`word > 42 > interjection > with options.length and options.strategy 1`] = `"gadzooks"`;

exports[`word > 42 > interjection > with options.strategy 1`] = `"er"`;

exports[`word > 42 > noun > noArgs 1`] = `"avocado"`;

exports[`word > 42 > noun > with length = 10 1`] = `"archeology"`;

exports[`word > 42 > noun > with length = 20 1`] = `"avocado"`;

exports[`word > 42 > noun > with options.length 1`] = `"archeology"`;

exports[`word > 42 > noun > with options.length and options.strategy 1`] = `"anesthesiologist"`;

exports[`word > 42 > noun > with options.strategy 1`] = `"TV"`;

exports[`word > 42 > preposition > noArgs 1`] = `"concerning"`;

exports[`word > 42 > preposition > with length = 10 1`] = `"throughout"`;

exports[`word > 42 > preposition > with length = 20 1`] = `"concerning"`;

exports[`word > 42 > preposition > with options.length 1`] = `"throughout"`;

exports[`word > 42 > preposition > with options.length and options.strategy 1`] = `"notwithstanding"`;

exports[`word > 42 > preposition > with options.strategy 1`] = `"a"`;

exports[`word > 42 > sample > noArgs 1`] = `"oh"`;

exports[`word > 42 > sample > with length = 10 1`] = `"oh"`;

exports[`word > 42 > sample > with length = 20 1`] = `"oh"`;

exports[`word > 42 > sample > with options.length 1`] = `"oh"`;

exports[`word > 42 > sample > with options.length and options.strategy 1`] = `"gadzooks"`;

exports[`word > 42 > sample > with options.strategy 1`] = `"ha"`;

exports[`word > 42 > verb > noArgs 1`] = `"begin"`;

exports[`word > 42 > verb > with length = 10 1`] = `"assimilate"`;

exports[`word > 42 > verb > with length = 20 1`] = `"begin"`;

exports[`word > 42 > verb > with options.length 1`] = `"assimilate"`;

exports[`word > 42 > verb > with options.length and options.strategy 1`] = `"compartmentalise"`;

exports[`word > 42 > verb > with options.strategy 1`] = `"be"`;

exports[`word > 42 > words > noArgs 1`] = `"blood clot"`;

exports[`word > 42 > words > with count = 10 1`] = `"oh loudly acceptance abnormally ick bagel nor without anonymise birdbath"`;

exports[`word > 42 > words > with count = 20 1`] = `"oh loudly acceptance abnormally ick bagel nor without anonymise birdbath bratwurst till pfft mmm compartmentalize everlasting between intelligent boo bicker"`;

exports[`word > 42 > words > with options.count 1`] = `"oh loudly acceptance abnormally ick bagel nor without anonymise birdbath"`;

exports[`word > 42 > words > with options.count range 1`] = `"blood clot across dreamily accurate amaze bah block loftily through assure about when brr benchmark busily to far-flung beneath"`;

exports[`word > 1211 > adjective > noArgs 1`] = `"ringed"`;

exports[`word > 1211 > adjective > with length = 10 1`] = `"remorseful"`;

exports[`word > 1211 > adjective > with length = 20 1`] = `"ringed"`;

exports[`word > 1211 > adjective > with options.length 1`] = `"remorseful"`;

exports[`word > 1211 > adjective > with options.length and options.strategy 1`] = `"inconsequential"`;

exports[`word > 1211 > adjective > with options.strategy 1`] = `"sad"`;

exports[`word > 1211 > adverb > noArgs 1`] = `"viciously"`;

exports[`word > 1211 > adverb > with length = 10 1`] = `"unbearably"`;

exports[`word > 1211 > adverb > with length = 20 1`] = `"viciously"`;

exports[`word > 1211 > adverb > with options.length 1`] = `"unbearably"`;

exports[`word > 1211 > adverb > with options.length and options.strategy 1`] = `"enthusiastically"`;

exports[`word > 1211 > adverb > with options.strategy 1`] = `"too"`;

exports[`word > 1211 > conjunction > noArgs 1`] = `"whoever"`;

exports[`word > 1211 > conjunction > with length = 10 1`] = `"whoever"`;

exports[`word > 1211 > conjunction > with length = 20 1`] = `"whoever"`;

exports[`word > 1211 > conjunction > with options.length 1`] = `"whoever"`;

exports[`word > 1211 > conjunction > with options.length and options.strategy 1`] = `"incidentally"`;

exports[`word > 1211 > conjunction > with options.strategy 1`] = `"so"`;

exports[`word > 1211 > interjection > noArgs 1`] = `"yowza"`;

exports[`word > 1211 > interjection > with length = 10 1`] = `"yowza"`;

exports[`word > 1211 > interjection > with length = 20 1`] = `"yowza"`;

exports[`word > 1211 > interjection > with options.length 1`] = `"yowza"`;

exports[`word > 1211 > interjection > with options.length and options.strategy 1`] = `"gadzooks"`;

exports[`word > 1211 > interjection > with options.strategy 1`] = `"um"`;

exports[`word > 1211 > noun > noArgs 1`] = `"cayenne"`;

exports[`word > 1211 > noun > with length = 10 1`] = `"capitalism"`;

exports[`word > 1211 > noun > with length = 20 1`] = `"cayenne"`;

exports[`word > 1211 > noun > with options.length 1`] = `"capitalism"`;

exports[`word > 1211 > noun > with options.length and options.strategy 1`] = `"characterization"`;

exports[`word > 1211 > noun > with options.strategy 1`] = `"ad"`;

exports[`word > 1211 > preposition > noArgs 1`] = `"upon"`;

exports[`word > 1211 > preposition > with length = 10 1`] = `"underneath"`;

exports[`word > 1211 > preposition > with length = 20 1`] = `"upon"`;

exports[`word > 1211 > preposition > with options.length 1`] = `"underneath"`;

exports[`word > 1211 > preposition > with options.length and options.strategy 1`] = `"notwithstanding"`;

exports[`word > 1211 > preposition > with options.strategy 1`] = `"a"`;

exports[`word > 1211 > sample > noArgs 1`] = `"youthfully"`;

exports[`word > 1211 > sample > with length = 10 1`] = `"youthfully"`;

exports[`word > 1211 > sample > with length = 20 1`] = `"youthfully"`;

exports[`word > 1211 > sample > with options.length 1`] = `"youthfully"`;

exports[`word > 1211 > sample > with options.length and options.strategy 1`] = `"enthusiastically"`;

exports[`word > 1211 > sample > with options.strategy 1`] = `"too"`;

exports[`word > 1211 > verb > noArgs 1`] = `"commercialize"`;

exports[`word > 1211 > verb > with length = 10 1`] = `"conciliate"`;

exports[`word > 1211 > verb > with length = 20 1`] = `"commercialize"`;

exports[`word > 1211 > verb > with options.length 1`] = `"conciliate"`;

exports[`word > 1211 > verb > with options.length and options.strategy 1`] = `"compartmentalize"`;

exports[`word > 1211 > verb > with options.strategy 1`] = `"cc"`;

exports[`word > 1211 > words > noArgs 1`] = `"although instantly though"`;

exports[`word > 1211 > words > with count = 10 1`] = `"youthfully gosh speedily gracefully poorly barber ick anthologise possible blackbird"`;

exports[`word > 1211 > words > with count = 20 1`] = `"youthfully gosh speedily gracefully poorly barber ick anthologise possible blackbird amble for blackboard brainwash bust consequently whether per upon but"`;

exports[`word > 1211 > words > with options.count 1`] = `"youthfully gosh speedily gracefully poorly barber ick anthologise possible blackbird"`;

exports[`word > 1211 > words > with options.count range 1`] = `"although instantly though which yippee burning except brisket enchanted antedate acknowledgment kindheartedly incomplete analysis out bumble bleed minus compound excitedly"`;

exports[`word > 1337 > adjective > noArgs 1`] = `"dimpled"`;

exports[`word > 1337 > adjective > with length = 10 1`] = `"disgusting"`;

exports[`word > 1337 > adjective > with length = 20 1`] = `"dimpled"`;

exports[`word > 1337 > adjective > with options.length 1`] = `"disgusting"`;

exports[`word > 1337 > adjective > with options.length and options.strategy 1`] = `"black-and-white"`;

exports[`word > 1337 > adjective > with options.strategy 1`] = `"dry"`;

exports[`word > 1337 > adverb > noArgs 1`] = `"frankly"`;

exports[`word > 1337 > adverb > with length = 10 1`] = `"enormously"`;

exports[`word > 1337 > adverb > with length = 20 1`] = `"frankly"`;

exports[`word > 1337 > adverb > with options.length 1`] = `"enormously"`;

exports[`word > 1337 > adverb > with options.length and options.strategy 1`] = `"enthusiastically"`;

exports[`word > 1337 > adverb > with options.strategy 1`] = `"far"`;

exports[`word > 1337 > conjunction > noArgs 1`] = `"how"`;

exports[`word > 1337 > conjunction > with length = 10 1`] = `"how"`;

exports[`word > 1337 > conjunction > with length = 20 1`] = `"how"`;

exports[`word > 1337 > conjunction > with options.length 1`] = `"how"`;

exports[`word > 1337 > conjunction > with options.length and options.strategy 1`] = `"consequently"`;

exports[`word > 1337 > conjunction > with options.strategy 1`] = `"if"`;

exports[`word > 1337 > interjection > noArgs 1`] = `"er"`;

exports[`word > 1337 > interjection > with length = 10 1`] = `"er"`;

exports[`word > 1337 > interjection > with length = 20 1`] = `"er"`;

exports[`word > 1337 > interjection > with options.length 1`] = `"er"`;

exports[`word > 1337 > interjection > with options.length and options.strategy 1`] = `"gadzooks"`;

exports[`word > 1337 > interjection > with options.strategy 1`] = `"er"`;

exports[`word > 1337 > noun > noArgs 1`] = `"arch"`;

exports[`word > 1337 > noun > with length = 10 1`] = `"allocation"`;

exports[`word > 1337 > noun > with length = 20 1`] = `"arch"`;

exports[`word > 1337 > noun > with options.length 1`] = `"allocation"`;

exports[`word > 1337 > noun > with options.length and options.strategy 1`] = `"anesthesiologist"`;

exports[`word > 1337 > noun > with options.strategy 1`] = `"CD"`;

exports[`word > 1337 > preposition > noArgs 1`] = `"barring"`;

exports[`word > 1337 > preposition > with length = 10 1`] = `"concerning"`;

exports[`word > 1337 > preposition > with length = 20 1`] = `"barring"`;

exports[`word > 1337 > preposition > with options.length 1`] = `"concerning"`;

exports[`word > 1337 > preposition > with options.length and options.strategy 1`] = `"notwithstanding"`;

exports[`word > 1337 > preposition > with options.strategy 1`] = `"a"`;

exports[`word > 1337 > sample > noArgs 1`] = `"nor"`;

exports[`word > 1337 > sample > with length = 10 1`] = `"nor"`;

exports[`word > 1337 > sample > with length = 20 1`] = `"nor"`;

exports[`word > 1337 > sample > with options.length 1`] = `"nor"`;

exports[`word > 1337 > sample > with options.length and options.strategy 1`] = `"consequently"`;

exports[`word > 1337 > sample > with options.strategy 1`] = `"if"`;

exports[`word > 1337 > verb > noArgs 1`] = `"augur"`;

exports[`word > 1337 > verb > with length = 10 1`] = `"antagonize"`;

exports[`word > 1337 > verb > with length = 20 1`] = `"augur"`;

exports[`word > 1337 > verb > with options.length 1`] = `"antagonize"`;

exports[`word > 1337 > verb > with options.length and options.strategy 1`] = `"compartmentalise"`;

exports[`word > 1337 > verb > with options.strategy 1`] = `"ax"`;

exports[`word > 1337 > words > noArgs 1`] = `"although"`;

exports[`word > 1337 > words > with count = 10 1`] = `"nor gadzooks instead anenst intently female beating coin compromise measly"`;

exports[`word > 1337 > words > with count = 20 1`] = `"nor gadzooks instead anenst intently female beating coin compromise measly annihilate the where phew meh ascot bluff rudely bowtie cabbage"`;

exports[`word > 1337 > words > with options.count 1`] = `"nor gadzooks instead anenst intently female beating coin compromise measly"`;

exports[`word > 1337 > words > with options.count range 1`] = `"although within along limply lovingly elegantly bisect benefit underneath admired nor abate yum within whoa against baby challenge"`;
